Archive member included to satisfy reference by file (symbol)

/Users/aprillee/Code/DaisyExamples/libDaisy//build/libdaisy.a(daisy_patch_sm.o)
                              build/Quantizer.o (daisy::patch_sm::DaisyPatchSM::Init())
/Users/aprillee/Code/DaisyExamples/libDaisy//build/libdaisy.a(codec_pcm3060.o)
                              /Users/aprillee/Code/DaisyExamples/libDaisy//build/libdaisy.a(daisy_patch_sm.o) (daisy::Pcm3060::Init(daisy::I2CHandle))
/Users/aprillee/Code/DaisyExamples/libDaisy//build/libdaisy.a(sdram.o)
                              /Users/aprillee/Code/DaisyExamples/libDaisy//build/libdaisy.a(daisy_patch_sm.o) (SdramHandle::Init())
/Users/aprillee/Code/DaisyExamples/libDaisy//build/libdaisy.a(audio.o)
                              /Users/aprillee/Code/DaisyExamples/libDaisy//build/libdaisy.a(daisy_patch_sm.o) (daisy::AudioHandle::Init(daisy::AudioHandle::Config const&, daisy::SaiHandle))
/Users/aprillee/Code/DaisyExamples/libDaisy//build/libdaisy.a(ctrl.o)
                              /Users/aprillee/Code/DaisyExamples/libDaisy//build/libdaisy.a(daisy_patch_sm.o) (daisy::AnalogControl::Init(unsigned short*, float, bool, bool, float))
/Users/aprillee/Code/DaisyExamples/libDaisy//build/libdaisy.a(gatein.o)
                              /Users/aprillee/Code/DaisyExamples/libDaisy//build/libdaisy.a(daisy_patch_sm.o) (daisy::GateIn::Init(dsy_gpio_pin*, bool))
/Users/aprillee/Code/DaisyExamples/libDaisy//build/libdaisy.a(adc.o)
                              /Users/aprillee/Code/DaisyExamples/libDaisy//build/libdaisy.a(daisy_patch_sm.o) (daisy::AdcChannelConfig::InitSingle(dsy_gpio_pin))
/Users/aprillee/Code/DaisyExamples/libDaisy//build/libdaisy.a(dac.o)
                              /Users/aprillee/Code/DaisyExamples/libDaisy//build/libdaisy.a(daisy_patch_sm.o) (daisy::DacHandle::Init(daisy::DacHandle::Config const&))
/Users/aprillee/Code/DaisyExamples/libDaisy//build/libdaisy.a(gpio.o)
                              /Users/aprillee/Code/DaisyExamples/libDaisy//build/libdaisy.a(daisy_patch_sm.o) (dsy_gpio_init)
/Users/aprillee/Code/DaisyExamples/libDaisy//build/libdaisy.a(i2c.o)
                              /Users/aprillee/Code/DaisyExamples/libDaisy//build/libdaisy.a(daisy_patch_sm.o) (daisy::I2CHandle::Init(daisy::I2CHandle::Config const&))
/Users/aprillee/Code/DaisyExamples/libDaisy//build/libdaisy.a(qspi.o)
                              /Users/aprillee/Code/DaisyExamples/libDaisy//build/libdaisy.a(daisy_patch_sm.o) (daisy::QSPIHandle::Init(daisy::QSPIHandle::Config const&))
/Users/aprillee/Code/DaisyExamples/libDaisy//build/libdaisy.a(sai.o)
                              /Users/aprillee/Code/DaisyExamples/libDaisy//build/libdaisy.a(daisy_patch_sm.o) (daisy::SaiHandle::Init(daisy::SaiHandle::Config const&))
/Users/aprillee/Code/DaisyExamples/libDaisy//build/libdaisy.a(system.o)
                              build/Quantizer.o (daisy::System::Delay(unsigned long))
/Users/aprillee/Code/DaisyExamples/libDaisy//build/libdaisy.a(system_stm32h7xx.o)
                              build/startup_stm32h750xx.o (SystemInit)
/Users/aprillee/Code/DaisyExamples/libDaisy//build/libdaisy.a(usbd_conf.o)
                              /Users/aprillee/Code/DaisyExamples/libDaisy//build/libdaisy.a(system.o) (hpcd_USB_OTG_HS)
/Users/aprillee/Code/DaisyExamples/libDaisy//build/libdaisy.a(usbh_conf.o)
                              /Users/aprillee/Code/DaisyExamples/libDaisy//build/libdaisy.a(system.o) (hhcd_USB_OTG_HS)
/Users/aprillee/Code/DaisyExamples/libDaisy//build/libdaisy.a(hal_map.o)
                              /Users/aprillee/Code/DaisyExamples/libDaisy//build/libdaisy.a(gpio.o) (dsy_hal_map_get_port)
/Users/aprillee/Code/DaisyExamples/libDaisy//build/libdaisy.a(stm32h7xx_hal.o)
                              /Users/aprillee/Code/DaisyExamples/libDaisy//build/libdaisy.a(system.o) (HAL_Init)
/Users/aprillee/Code/DaisyExamples/libDaisy//build/libdaisy.a(stm32h7xx_hal_adc.o)
                              /Users/aprillee/Code/DaisyExamples/libDaisy//build/libdaisy.a(adc.o) (HAL_ADC_ConfigChannel)
/Users/aprillee/Code/DaisyExamples/libDaisy//build/libdaisy.a(stm32h7xx_hal_adc_ex.o)
                              /Users/aprillee/Code/DaisyExamples/libDaisy//build/libdaisy.a(adc.o) (HAL_ADCEx_Calibration_Start)
/Users/aprillee/Code/DaisyExamples/libDaisy//build/libdaisy.a(stm32h7xx_hal_cortex.o)
                              /Users/aprillee/Code/DaisyExamples/libDaisy//build/libdaisy.a(stm32h7xx_hal.o) (HAL_NVIC_SetPriorityGrouping)
/Users/aprillee/Code/DaisyExamples/libDaisy//build/libdaisy.a(stm32h7xx_hal_dac.o)
                              /Users/aprillee/Code/DaisyExamples/libDaisy//build/libdaisy.a(dac.o) (HAL_DAC_Init)
/Users/aprillee/Code/DaisyExamples/libDaisy//build/libdaisy.a(stm32h7xx_hal_dac_ex.o)
                              /Users/aprillee/Code/DaisyExamples/libDaisy//build/libdaisy.a(stm32h7xx_hal_dac.o) (HAL_DACEx_DMAUnderrunCallbackCh2)
[...]
Memory Configuration

Name             Origin             Length             Attributes
FLASH            0x0000000008000000 0x0000000000020000 xr
DTCMRAM          0x0000000020000000 0x0000000000020000 xrw
SRAM             0x0000000024000000 0x0000000000080000 xrw
RAM_D2           0x0000000030000000 0x0000000000048000 xrw
RAM_D3           0x0000000038000000 0x0000000000010000 xrw
ITCMRAM          0x0000000000000000 0x0000000000010000 xrw
SDRAM            0x00000000c0000000 0x0000000004000000 xrw
QSPIFLASH        0x0000000090000000 0x0000000000800000 xr
*default*        0x0000000000000000 0xffffffffffffffff

Linker script and memory map

LOAD /Library/DaisyToolchain/0.2.0/arm/bin/../lib/gcc/arm-none-eabi/10.3.1/thumb/v7e-m+dp/hard/crti.o
LOAD /Library/DaisyToolchain/0.2.0/arm/bin/../lib/gcc/arm-none-eabi/10.3.1/thumb/v7e-m+dp/hard/crtbegin.o
LOAD /Library/DaisyToolchain/0.2.0/arm/bin/../lib/gcc/arm-none-eabi/10.3.1/../../../../arm-none-eabi/lib/thumb/v7e-m+dp/hard/crt0.o
LOAD build/startup_stm32h750xx.o
LOAD build/Quantizer.o
LOAD /Users/aprillee/Code/DaisyExamples/libDaisy//build/libdaisy.a
LOAD /Library/DaisyToolchain/0.2.0/arm/bin/../lib/gcc/arm-none-eabi/10.3.1/../../../../arm-none-eabi/lib/thumb/v7e-m+dp/hard/libnosys.a
LOAD /Users/aprillee/Code/DaisyExamples/DaisySP//build/libdaisysp.a
LOAD /Library/DaisyToolchain/0.2.0/arm/bin/../lib/gcc/arm-none-eabi/10.3.1/../../../../arm-none-eabi/lib/thumb/v7e-m+dp/hard/libstdc++_nano.a
LOAD /Library/DaisyToolchain/0.2.0/arm/bin/../lib/gcc/arm-none-eabi/10.3.1/../../../../arm-none-eabi/lib/thumb/v7e-m+dp/hard/libm.a
LOAD /Library/DaisyToolchain/0.2.0/arm/bin/../lib/gcc/arm-none-eabi/10.3.1/../../../../arm-none-eabi/lib/thumb/v7e-m+dp/hard/libc_nano.a
START GROUP
LOAD /Library/DaisyToolchain/0.2.0/arm/bin/../lib/gcc/arm-none-eabi/10.3.1/thumb/v7e-m+dp/hard/libgcc.a
LOAD /Library/DaisyToolchain/0.2.0/arm/bin/../lib/gcc/arm-none-eabi/10.3.1/../../../../arm-none-eabi/lib/thumb/v7e-m+dp/hard/libc_nano.a
END GROUP
START GROUP
LOAD /Library/DaisyToolchain/0.2.0/arm/bin/../lib/gcc/arm-none-eabi/10.3.1/thumb/v7e-m+dp/hard/libgcc.a
LOAD /Library/DaisyToolchain/0.2.0/arm/bin/../lib/gcc/arm-none-eabi/10.3.1/../../../../arm-none-eabi/lib/thumb/v7e-m+dp/hard/libc_nano.a
LOAD /Library/DaisyToolchain/0.2.0/arm/bin/../lib/gcc/arm-none-eabi/10.3.1/../../../../arm-none-eabi/lib/thumb/v7e-m+dp/hard/libnosys.a
END GROUP
START GROUP
LOAD /Library/DaisyToolchain/0.2.0/arm/bin/../lib/gcc/arm-none-eabi/10.3.1/thumb/v7e-m+dp/hard/libgcc.a
LOAD /Library/DaisyToolchain/0.2.0/arm/bin/../lib/gcc/arm-none-eabi/10.3.1/../../../../arm-none-eabi/lib/thumb/v7e-m+dp/hard/libc_nano.a
LOAD /Library/DaisyToolchain/0.2.0/arm/bin/../lib/gcc/arm-none-eabi/10.3.1/../../../../arm-none-eabi/lib/thumb/v7e-m+dp/hard/libnosys.a
END GROUP
LOAD /Library/DaisyToolchain/0.2.0/arm/bin/../lib/gcc/arm-none-eabi/10.3.1/thumb/v7e-m+dp/hard/crtend.o
LOAD /Library/DaisyToolchain/0.2.0/arm/bin/../lib/gcc/arm-none-eabi/10.3.1/thumb/v7e-m+dp/hard/crtn.o
                0x0000000020020000                _estack = 0x20020000

.isr_vector     0x0000000008000000      0x298
                0x0000000008000000                . = ALIGN (0x4)
 *(.isr_vector)
 .isr_vector    0x0000000008000000      0x298 build/startup_stm32h750xx.o
                0x0000000008000000                g_pfnVectors
                0x0000000008000298                . = ALIGN (0x4)

.text           0x0000000008000298     0xfff8
                0x0000000008000298                . = ALIGN (0x4)
                0x0000000008000298                _stext = .
 *(.text)
 .text          0x0000000008000298       0x40 /Library/DaisyToolchain/0.2.0/arm/bin/../lib/gcc/arm-none-eabi/10.3.1/thumb/v7e-m+dp/hard/crtbegin.o
 .text          0x00000000080002d8       0x30 /Library/DaisyToolchain/0.2.0/arm/bin/../lib/gcc/arm-none-eabi/10.3.1/thumb/v7e-m+dp/hard/libgcc.a(_aeabi_uldivmod.o)
                0x00000000080002d8                __aeabi_uldivmod
 .text          0x0000000008000308      0x2d0 /Library/DaisyToolchain/0.2.0/arm/bin/../lib/gcc/arm-none-eabi/10.3.1/thumb/v7e-m+dp/hard/libgcc.a(_udivmoddi4.o)
                0x0000000008000308                __udivmoddi4
 .text          0x00000000080005d8        0x4 /Library/DaisyToolchain/0.2.0/arm/bin/../lib/gcc/arm-none-eabi/10.3.1/thumb/v7e-m+dp/hard/libgcc.a(_dvmd_tls.o)
                0x00000000080005d8                __aeabi_ldiv0
                0x00000000080005d8                __aeabi_idiv0
 *(.text*)
 .text.Default_Handler
                0x00000000080005dc        0x4 build/startup_stm32h750xx.o
                0x00000000080005dc                SAI1_IRQHandler
                0x00000000080005dc                HASH_RNG_IRQHandler
                0x00000000080005dc                EXTI2_IRQHandler
                0x00000000080005dc                TIM8_CC_IRQHandler
                0x00000000080005dc                HRTIM1_Master_IRQHandler
                0x00000000080005dc                DebugMon_Handler
                0x00000000080005dc                TIM1_CC_IRQHandler
                0x00000000080005dc                BDMA_Channel6_IRQHandler
                0x00000000080005dc                DMA2_Stream5_IRQHandler
                0x00000000080005dc                HRTIM1_FLT_IRQHandler
                0x00000000080005dc                JPEG_IRQHandler
                0x00000000080005dc                BDMA_Channel1_IRQHandler
                0x00000000080005dc                HRTIM1_TIMD_IRQHandler
                0x00000000080005dc                TAMP_STAMP_IRQHandler
                0x00000000080005dc                PendSV_Handler
                0x00000000080005dc                NMI_Handler
                0x00000000080005dc                EXTI3_IRQHandler
                0x00000000080005dc                LPTIM4_IRQHandler
                0x00000000080005dc                TIM8_TRG_COM_TIM14_IRQHandler
                0x00000000080005dc                LPTIM2_IRQHandler
                0x00000000080005dc                DFSDM1_FLT1_IRQHandler
                0x00000000080005dc                DMAMUX2_OVR_IRQHandler
                0x00000000080005dc                TIM8_UP_TIM13_IRQHandler
                0x00000000080005dc                I2C3_ER_IRQHandler
                0x00000000080005dc                DFSDM1_FLT2_IRQHandler
                0x00000000080005dc                MDMA_IRQHandler
                0x00000000080005dc                LPTIM3_IRQHandler
                0x00000000080005dc                HSEM1_IRQHandler
                0x00000000080005dc                EXTI0_IRQHandler
                0x00000000080005dc                FPU_IRQHandler
                0x00000000080005dc                OTG_HS_WKUP_IRQHandler
                0x00000000080005dc                FDCAN1_IT1_IRQHandler
                0x00000000080005dc                UsageFault_Handler
                0x00000000080005dc                LTDC_ER_IRQHandler
                0x00000000080005dc                HRTIM1_TIME_IRQHandler
                0x00000000080005dc                DCMI_IRQHandler
                0x00000000080005dc                HRTIM1_TIMC_IRQHandler
                0x00000000080005dc                SAI2_IRQHandler
                0x00000000080005dc                DFSDM1_FLT3_IRQHandler
                0x00000000080005dc                TIM17_IRQHandler
                0x00000000080005dc                CRYP_IRQHandler
                0x00000000080005dc                BDMA_Channel7_IRQHandler
                0x00000000080005dc                LPTIM5_IRQHandler
                0x00000000080005dc                ADC3_IRQHandler
                0x00000000080005dc                BDMA_Channel2_IRQHandler
                0x00000000080005dc                DMAMUX1_OVR_IRQHandler
                0x00000000080005dc                TIM16_IRQHandler
                0x00000000080005dc                BDMA_Channel5_IRQHandler
                0x00000000080005dc                RCC_IRQHandler
                0x00000000080005dc                TIM8_BRK_TIM12_IRQHandler
                0x00000000080005dc                TIM1_TRG_COM_IRQHandler
                0x00000000080005dc                Default_Handler
                0x00000000080005dc                ECC_IRQHandler
                0x00000000080005dc                CEC_IRQHandler
                0x00000000080005dc                EXTI15_10_IRQHandler
                0x00000000080005dc                BDMA_Channel0_IRQHandler
                0x00000000080005dc                ADC_IRQHandler
                0x00000000080005dc                DMA1_Stream7_IRQHandler
                0x00000000080005dc                HRTIM1_TIMA_IRQHandler
                0x00000000080005dc                TIM7_IRQHandler
                0x00000000080005dc                SDMMC1_IRQHandler
                0x00000000080005dc                DMA2_Stream7_IRQHandler
                0x00000000080005dc                TIM15_IRQHandler
                0x00000000080005dc                PVD_AVD_IRQHandler
                0x00000000080005dc                EXTI9_5_IRQHandler
                0x00000000080005dc                RTC_WKUP_IRQHandler
                0x00000000080005dc                LTDC_IRQHandler
                0x00000000080005dc                SAI3_IRQHandler
                0x00000000080005dc                ETH_WKUP_IRQHandler
                0x00000000080005dc                SPDIF_RX_IRQHandler
                0x00000000080005dc                MemManage_Handler
                0x00000000080005dc                SVC_Handler
                0x00000000080005dc                CRS_IRQHandler
                0x00000000080005dc                EXTI4_IRQHandler
                0x00000000080005dc                HRTIM1_TIMB_IRQHandler
                0x00000000080005dc                FDCAN2_IT1_IRQHandler
                0x00000000080005dc                ETH_IRQHandler
                0x00000000080005dc                TIM1_UP_IRQHandler
                0x00000000080005dc                BDMA_Channel4_IRQHandler
                0x00000000080005dc                WWDG_IRQHandler
                0x00000000080005dc                SPI6_IRQHandler
                0x00000000080005dc                I2C4_EV_IRQHandler
                0x00000000080005dc                MDIOS_IRQHandler
                0x00000000080005dc                FDCAN2_IT0_IRQHandler
                0x00000000080005dc                FDCAN1_IT0_IRQHandler
                0x00000000080005dc                OTG_FS_WKUP_IRQHandler
                0x00000000080005dc                DMA2D_IRQHandler
                0x00000000080005dc                TIM1_BRK_IRQHandler
                0x00000000080005dc                EXTI1_IRQHandler
                0x00000000080005dc                SDMMC2_IRQHandler
                0x00000000080005dc                OTG_FS_EP1_OUT_IRQHandler
                0x00000000080005dc                BDMA_Channel3_IRQHandler
                0x00000000080005dc                MDIOS_WKUP_IRQHandler
                0x00000000080005dc                DFSDM1_FLT0_IRQHandler
                0x00000000080005dc                SAI4_IRQHandler
                0x00000000080005dc                I2C2_ER_IRQHandler
                0x00000000080005dc                FLASH_IRQHandler
                0x00000000080005dc                BusFault_Handler
                0x00000000080005dc                OTG_FS_IRQHandler
                0x00000000080005dc                WAKEUP_PIN_IRQHandler
                0x00000000080005dc                OTG_FS_EP1_IN_IRQHandler
                0x00000000080005dc                I2C1_ER_IRQHandler
                0x00000000080005dc                FMC_IRQHandler
                0x00000000080005dc                FDCAN_CAL_IRQHandler
                0x00000000080005dc                SWPMI1_IRQHandler
                0x00000000080005dc                COMP1_IRQHandler
                0x00000000080005dc                LPTIM1_IRQHandler
                0x00000000080005dc                I2C4_ER_IRQHandler
                0x00000000080005dc                DMA2_Stream6_IRQHandler
                0x00000000080005dc                RTC_Alarm_IRQHandler
 .text.Reset_Handler
                0x00000000080005e0       0x44 build/startup_stm32h750xx.o
                0x00000000080005e0                Reset_Handler
 .text._ZN5daisy8patch_sm12DaisyPatchSMD2Ev
                0x0000000008000624        0x4 build/Quantizer.o
                0x0000000008000624                daisy::patch_sm::DaisyPatchSM::~DaisyPatchSM()
                0x0000000008000624                daisy::patch_sm::DaisyPatchSM::~DaisyPatchSM()
 .text.startup.main
                0x0000000008000628       0x7c build/Quantizer.o
                0x0000000008000628                main
 .text.startup._GLOBAL__sub_I_patch
                0x00000000080006a4       0x20 build/Quantizer.o
 .text._ZN5daisy8patch_sm12DaisyPatchSM4Impl19InternalDacCallbackEPPtj
                0x00000000080006c4       0xa8 /Users/aprillee/Code/DaisyExamples/libDaisy//build/libdaisy.a(daisy_patch_sm.o)
                0x00000000080006c4                daisy::patch_sm::DaisyPatchSM::Impl::InternalDacCallback(unsigned short**, unsigned int)
 .text._ZN5daisy8patch_sm12DaisyPatchSM4InitEv
                0x000000000800076c      0x27c /Users/aprillee/Code/DaisyExamples/libDaisy//build/libdaisy.a(daisy_patch_sm.o)
                0x000000000800076c                daisy::patch_sm::DaisyPatchSM::Init()
 .text._ZN5daisy8patch_sm12DaisyPatchSM10WriteCvOutEif
                0x00000000080009e8       0x84 /Users/aprillee/Code/DaisyExamples/libDaisy//build/libdaisy.a(daisy_patch_sm.o)
                0x00000000080009e8                daisy::patch_sm::DaisyPatchSM::WriteCvOut(int, float)
 .text.startup._GLOBAL__sub_I__ZN5daisy8patch_sm12DaisyPatchSM2A1E
                0x0000000008000a6c       0x28 /Users/aprillee/Code/DaisyExamples/libDaisy//build/libdaisy.a(daisy_patch_sm.o)
 .text._ZN5daisy7Pcm30604InitENS_9I2CHandleE
                0x0000000008000a94      0x16c /Users/aprillee/Code/DaisyExamples/libDaisy//build/libdaisy.a(codec_pcm3060.o)
                0x0000000008000a94                daisy::Pcm3060::Init(daisy::I2CHandle)
 .text._ZN11SdramHandle10DeviceInitEv
                0x0000000008000c00       0x98 /Users/aprillee/Code/DaisyExamples/libDaisy//build/libdaisy.a(sdram.o)
                0x0000000008000c00                SdramHandle::DeviceInit()
 .text._ZN11SdramHandle4InitEv
                0x0000000008000c98       0x7c /Users/aprillee/Code/DaisyExamples/libDaisy//build/libdaisy.a(sdram.o)
                0x0000000008000c98                SdramHandle::Init()
 .text.HAL_SDRAM_MspInit
                0x0000000008000d14      0x1a8 /Users/aprillee/Code/DaisyExamples/libDaisy//build/libdaisy.a(sdram.o)
                0x0000000008000d14                HAL_SDRAM_MspInit
 .text._ZN5daisy11AudioHandle4InitERKNS0_6ConfigENS_9SaiHandleE
                0x0000000008000ebc       0x70 /Users/aprillee/Code/DaisyExamples/libDaisy//build/libdaisy.a(audio.o)
                0x0000000008000ebc                daisy::AudioHandle::Init(daisy::AudioHandle::Config const&, daisy::SaiHandle)
 .text._ZNK5daisy11AudioHandle9GetConfigEv
                0x0000000008000f2c        0x8 /Users/aprillee/Code/DaisyExamples/libDaisy//build/libdaisy.a(audio.o)
                0x0000000008000f2c                daisy::AudioHandle::GetConfig() const
 .text._ZN5daisy11AudioHandle13GetSampleRateEv
                0x0000000008000f34        0x8 /Users/aprillee/Code/DaisyExamples/libDaisy//build/libdaisy.a(audio.o)
                0x0000000008000f34                daisy::AudioHandle::GetSampleRate()
 .text.startup._GLOBAL__sub_I__ZN5daisy11AudioHandle4Impl4InitENS0_6ConfigENS_9SaiHandleE
                0x0000000008000f3c       0x24 /Users/aprillee/Code/DaisyExamples/libDaisy//build/libdaisy.a(audio.o)
 .text._ZN5daisy13AnalogControl4InitEPtfbbf
                0x0000000008000f60       0x64 /Users/aprillee/Code/DaisyExamples/libDaisy//build/libdaisy.a(ctrl.o)
                0x0000000008000f60                daisy::AnalogControl::Init(unsigned short*, float, bool, bool, float)
 .text._ZN5daisy13AnalogControl13InitBipolarCvEPtf
                0x0000000008000fc4       0x6c /Users/aprillee/Code/DaisyExamples/libDaisy//build/libdaisy.a(ctrl.o)
                0x0000000008000fc4                daisy::AnalogControl::InitBipolarCv(unsigned short*, float)
 .text._ZN5daisy6GateIn4InitEP12dsy_gpio_pinb
                0x0000000008001030       0x14 /Users/aprillee/Code/DaisyExamples/libDaisy//build/libdaisy.a(gatein.o)
                0x0000000008001030                daisy::GateIn::Init(dsy_gpio_pin*, bool)
 .text._ZN5daisy16AdcChannelConfig10InitSingleE12dsy_gpio_pin
                0x0000000008001044       0x1c /Users/aprillee/Code/DaisyExamples/libDaisy//build/libdaisy.a(adc.o)
                0x0000000008001044                daisy::AdcChannelConfig::InitSingle(dsy_gpio_pin)
 .text._ZN5daisy9AdcHandle4InitEPNS_16AdcChannelConfigEjNS0_12OverSamplingE
                0x0000000008001060      0x3c8 /Users/aprillee/Code/DaisyExamples/libDaisy//build/libdaisy.a(adc.o)
                0x0000000008001060                daisy::AdcHandle::Init(daisy::AdcChannelConfig*, unsigned int, daisy::AdcHandle::OverSampling)
 .text._ZN5daisy9AdcHandle5StartEv
                0x0000000008001428       0x2c /Users/aprillee/Code/DaisyExamples/libDaisy//build/libdaisy.a(adc.o)
                0x0000000008001428                daisy::AdcHandle::Start()
 .text._ZNK5daisy9AdcHandle6GetPtrEh
                0x0000000008001454       0x14 /Users/aprillee/Code/DaisyExamples/libDaisy//build/libdaisy.a(adc.o)
                0x0000000008001454                daisy::AdcHandle::GetPtr(unsigned char) const
 .text.HAL_ADC_MspInit
                0x0000000008001468       0x98 /Users/aprillee/Code/DaisyExamples/libDaisy//build/libdaisy.a(adc.o)
                0x0000000008001468                HAL_ADC_MspInit
 .text.DMA1_Stream2_IRQHandler
                0x0000000008001500        0xc /Users/aprillee/Code/DaisyExamples/libDaisy//build/libdaisy.a(adc.o)
                0x0000000008001500                DMA1_Stream2_IRQHandler
 .text.HAL_ADC_ConvCpltCallback
                0x000000000800150c      0x148 /Users/aprillee/Code/DaisyExamples/libDaisy//build/libdaisy.a(adc.o)
                0x000000000800150c                HAL_ADC_ConvCpltCallback
 .text.HAL_ADC_ErrorCallback
                0x0000000008001654        0x4 /Users/aprillee/Code/DaisyExamples/libDaisy//build/libdaisy.a(adc.o)
                0x0000000008001654                HAL_ADC_ErrorCallback
 .text.HAL_DAC_MspInit
                0x0000000008001658      0x15c /Users/aprillee/Code/DaisyExamples/libDaisy//build/libdaisy.a(dac.o)
                0x0000000008001658                HAL_DAC_MspInit
 .text.DMA2_Stream0_IRQHandler
                0x00000000080017b4        0xc /Users/aprillee/Code/DaisyExamples/libDaisy//build/libdaisy.a(dac.o)
                0x00000000080017b4                DMA2_Stream0_IRQHandler
 .text.DMA2_Stream1_IRQHandler
                0x00000000080017c0        0xc /Users/aprillee/Code/DaisyExamples/libDaisy//build/libdaisy.a(dac.o)
                0x00000000080017c0                DMA2_Stream1_IRQHandler
 .text.TIM6_DAC_IRQHandler
                0x00000000080017cc       0x1c /Users/aprillee/Code/DaisyExamples/libDaisy//build/libdaisy.a(dac.o)
                0x00000000080017cc                TIM6_DAC_IRQHandler
 .text.HAL_DAC_ConvCpltCallbackCh1
                0x00000000080017e8       0x60 /Users/aprillee/Code/DaisyExamples/libDaisy//build/libdaisy.a(dac.o)
                0x00000000080017e8                HAL_DAC_ConvCpltCallbackCh1
 .text.HAL_DAC_ConvHalfCpltCallbackCh1
                0x0000000008001848       0x54 /Users/aprillee/Code/DaisyExamples/libDaisy//build/libdaisy.a(dac.o)
                0x0000000008001848                HAL_DAC_ConvHalfCpltCallbackCh1
 .text.HAL_DACEx_ConvHalfCpltCallbackCh2
                0x000000000800189c       0x2c /Users/aprillee/Code/DaisyExamples/libDaisy//build/libdaisy.a(dac.o)
                0x000000000800189c                HAL_DACEx_ConvHalfCpltCallbackCh2
 .text.HAL_DACEx_ConvCpltCallbackCh2
                0x00000000080018c8       0x34 /Users/aprillee/Code/DaisyExamples/libDaisy//build/libdaisy.a(dac.o)
                0x00000000080018c8                HAL_DACEx_ConvCpltCallbackCh2
 .text._ZN5daisy9DacHandle4InitERKNS0_6ConfigE
                0x00000000080018fc       0xfc /Users/aprillee/Code/DaisyExamples/libDaisy//build/libdaisy.a(dac.o)
                0x00000000080018fc                daisy::DacHandle::Init(daisy::DacHandle::Config const&)
 .text._ZN5daisy9DacHandle5StartEPtS1_jPFvPS1_jE
                0x00000000080019f8       0x6c /Users/aprillee/Code/DaisyExamples/libDaisy//build/libdaisy.a(dac.o)
                0x00000000080019f8                daisy::DacHandle::Start(unsigned short*, unsigned short*, unsigned int, void (*)(unsigned short**, unsigned int))
 .text._ZN5daisy9DacHandle4StopEv
                0x0000000008001a64       0x40 /Users/aprillee/Code/DaisyExamples/libDaisy//build/libdaisy.a(dac.o)
                0x0000000008001a64                daisy::DacHandle::Stop()
 .text.dsy_gpio_init
                0x0000000008001aa4      0x1b8 /Users/aprillee/Code/DaisyExamples/libDaisy//build/libdaisy.a(gpio.o)
                0x0000000008001aa4                dsy_gpio_init
 .text.dsy_gpio_write
                0x0000000008001c5c       0x24 /Users/aprillee/Code/DaisyExamples/libDaisy//build/libdaisy.a(gpio.o)
                0x0000000008001c5c                dsy_gpio_write
 .text._ZN5daisy9I2CHandle4Impl8InitPinsEv
                0x0000000008001c80       0x58 /Users/aprillee/Code/DaisyExamples/libDaisy//build/libdaisy.a(i2c.o)
                0x0000000008001c80                daisy::I2CHandle::Impl::InitPins()
 .text.HAL_I2C_MspInit
                0x0000000008001cd8      0x1b4 /Users/aprillee/Code/DaisyExamples/libDaisy//build/libdaisy.a(i2c.o)
                0x0000000008001cd8                HAL_I2C_MspInit
 .text.dsy_i2c_global_init
                0x0000000008001e8c       0x78 /Users/aprillee/Code/DaisyExamples/libDaisy//build/libdaisy.a(i2c.o)
                0x0000000008001e8c                dsy_i2c_global_init
 .text.DMA1_Stream6_IRQHandler
                0x0000000008001f04       0x34 /Users/aprillee/Code/DaisyExamples/libDaisy//build/libdaisy.a(i2c.o)
                0x0000000008001f04                DMA1_Stream6_IRQHandler
 .text.I2C1_EV_IRQHandler
                0x0000000008001f38        0xc /Users/aprillee/Code/DaisyExamples/libDaisy//build/libdaisy.a(i2c.o)
                0x0000000008001f38                I2C1_EV_IRQHandler
 .text.I2C2_EV_IRQHandler
                0x0000000008001f44        0xc /Users/aprillee/Code/DaisyExamples/libDaisy//build/libdaisy.a(i2c.o)
                0x0000000008001f44                I2C2_EV_IRQHandler
 .text.I2C3_EV_IRQHandler
                0x0000000008001f50        0xc /Users/aprillee/Code/DaisyExamples/libDaisy//build/libdaisy.a(i2c.o)
                0x0000000008001f50                I2C3_EV_IRQHandler
 .text._ZN5daisy9I2CHandle4InitERKNS0_6ConfigE
                0x0000000008001f5c      0x12c /Users/aprillee/Code/DaisyExamples/libDaisy//build/libdaisy.a(i2c.o)
                0x0000000008001f5c                daisy::I2CHandle::Init(daisy::I2CHandle::Config const&)
 .text._ZN5daisy9I2CHandle17ReadDataAtAddressEtttPhtm
                0x0000000008002088       0x4c /Users/aprillee/Code/DaisyExamples/libDaisy//build/libdaisy.a(i2c.o)
                0x0000000008002088                daisy::I2CHandle::ReadDataAtAddress(unsigned short, unsigned short, unsigned short, unsigned char*, unsigned short, unsigned long)
 .text._ZN5daisy9I2CHandle18WriteDataAtAddressEtttPhtm
                0x00000000080020d4       0x4c /Users/aprillee/Code/DaisyExamples/libDaisy//build/libdaisy.a(i2c.o)
                0x00000000080020d4                daisy::I2CHandle::WriteDataAtAddress(unsigned short, unsigned short, unsigned short, unsigned char*, unsigned short, unsigned long)
 .text.startup._GLOBAL__sub_I__ZN5daisy9I2CHandle4Impl10GlobalInitEv
                0x0000000008002120       0x18 /Users/aprillee/Code/DaisyExamples/libDaisy//build/libdaisy.a(i2c.o)
 .text._ZN5daisy10QSPIHandle4Impl11WriteEnableEv
                0x0000000008002138       0x8c /Users/aprillee/Code/DaisyExamples/libDaisy//build/libdaisy.a(qspi.o)
                0x0000000008002138                daisy::QSPIHandle::Impl::WriteEnable()
 *fill*         0x00000000080021c4        0x4 
 .text._ZN5daisy10QSPIHandle4Impl17DummyCyclesConfigENS0_6Config6DeviceE
                0x00000000080021c8      0x118 /Users/aprillee/Code/DaisyExamples/libDaisy//build/libdaisy.a(qspi.o)
                0x00000000080021c8                daisy::QSPIHandle::Impl::DummyCyclesConfig(daisy::QSPIHandle::Config::Device)
 .text._ZN5daisy10QSPIHandle4Impl10QuadEnableEv
                0x00000000080022e0      0x158 /Users/aprillee/Code/DaisyExamples/libDaisy//build/libdaisy.a(qspi.o)
                0x00000000080022e0                daisy::QSPIHandle::Impl::QuadEnable()
 .text._ZN5daisy10QSPIHandle4InitERKNS0_6ConfigE
                0x0000000008002438      0x198 /Users/aprillee/Code/DaisyExamples/libDaisy//build/libdaisy.a(qspi.o)
                0x0000000008002438                daisy::QSPIHandle::Init(daisy::QSPIHandle::Config const&)
 .text.HAL_QSPI_MspInit
                0x00000000080025d0      0x11c /Users/aprillee/Code/DaisyExamples/libDaisy//build/libdaisy.a(qspi.o)
                0x00000000080025d0                HAL_QSPI_MspInit
 .text.HAL_QSPI_MspDeInit
                0x00000000080026ec       0x54 /Users/aprillee/Code/DaisyExamples/libDaisy//build/libdaisy.a(qspi.o)
                0x00000000080026ec                HAL_QSPI_MspDeInit
 .text.QUADSPI_IRQHandler
                0x0000000008002740        0xc /Users/aprillee/Code/DaisyExamples/libDaisy//build/libdaisy.a(qspi.o)
                0x0000000008002740                QUADSPI_IRQHandler
 .text.startup._GLOBAL__sub_I__ZN5daisy10QSPIHandle4Impl4InitERKNS0_6ConfigE
                0x000000000800274c       0x28 /Users/aprillee/Code/DaisyExamples/libDaisy//build/libdaisy.a(qspi.o)
 .text._ZN5daisy9SaiHandle4Impl7InitDmaENS1_15PeripheralBlockE
                0x0000000008002774       0xa0 /Users/aprillee/Code/DaisyExamples/libDaisy//build/libdaisy.a(sai.o)
                0x0000000008002774                daisy::SaiHandle::Impl::InitDma(daisy::SaiHandle::Impl::PeripheralBlock)
 .text._ZN5daisy9SaiHandle4Impl8InitPinsEv
                0x0000000008002814       0xa8 /Users/aprillee/Code/DaisyExamples/libDaisy//build/libdaisy.a(sai.o)
                0x0000000008002814                daisy::SaiHandle::Impl::InitPins()
 .text.HAL_SAI_MspInit
                0x00000000080028bc      0x164 /Users/aprillee/Code/DaisyExamples/libDaisy//build/libdaisy.a(sai.o)
                0x00000000080028bc                HAL_SAI_MspInit
 .text.DMA1_Stream0_IRQHandler
                0x0000000008002a20        0xc /Users/aprillee/Code/DaisyExamples/libDaisy//build/libdaisy.a(sai.o)
                0x0000000008002a20                DMA1_Stream0_IRQHandler
 .text.DMA1_Stream1_IRQHandler
                0x0000000008002a2c        0xc /Users/aprillee/Code/DaisyExamples/libDaisy//build/libdaisy.a(sai.o)
                0x0000000008002a2c                DMA1_Stream1_IRQHandler
 .text.DMA1_Stream3_IRQHandler
                0x0000000008002a38        0xc /Users/aprillee/Code/DaisyExamples/libDaisy//build/libdaisy.a(sai.o)
                0x0000000008002a38                DMA1_Stream3_IRQHandler
 .text.DMA1_Stream4_IRQHandler
                0x0000000008002a44        0xc /Users/aprillee/Code/DaisyExamples/libDaisy//build/libdaisy.a(sai.o)
                0x0000000008002a44                DMA1_Stream4_IRQHandler
 .text._ZN5daisy9SaiHandle4InitERKNS0_6ConfigE
                0x0000000008002a50      0x1f0 /Users/aprillee/Code/DaisyExamples/libDaisy//build/libdaisy.a(sai.o)
                0x0000000008002a50                daisy::SaiHandle::Init(daisy::SaiHandle::Config const&)
 .text._ZNK5daisy9SaiHandle9GetConfigEv
                0x0000000008002c40        0x4 /Users/aprillee/Code/DaisyExamples/libDaisy//build/libdaisy.a(sai.o)
                0x0000000008002c40                daisy::SaiHandle::GetConfig() const
 .text._ZN5daisy9SaiHandle13GetSampleRateEv
                0x0000000008002c44       0x24 /Users/aprillee/Code/DaisyExamples/libDaisy//build/libdaisy.a(sai.o)
                0x0000000008002c44                daisy::SaiHandle::GetSampleRate()
 .text._ZN5daisy11TimerHandleD2Ev
                0x0000000008002c68        0x4 /Users/aprillee/Code/DaisyExamples/libDaisy//build/libdaisy.a(system.o)
                0x0000000008002c68                daisy::TimerHandle::~TimerHandle()
                0x0000000008002c68                daisy::TimerHandle::~TimerHandle()
 .text.SysTick_Handler
                0x0000000008002c6c       0x10 /Users/aprillee/Code/DaisyExamples/libDaisy//build/libdaisy.a(system.o)
                0x0000000008002c6c                SysTick_Handler
 .text.OTG_HS_EP1_OUT_IRQHandler
                0x0000000008002c7c       0x24 /Users/aprillee/Code/DaisyExamples/libDaisy//build/libdaisy.a(system.o)
                0x0000000008002c7c                OTG_HS_EP1_OUT_IRQHandler
 .text.OTG_HS_EP1_IN_IRQHandler
                0x0000000008002ca0       0x24 /Users/aprillee/Code/DaisyExamples/libDaisy//build/libdaisy.a(system.o)
                0x0000000008002ca0                OTG_HS_EP1_IN_IRQHandler
 .text.OTG_HS_IRQHandler
                0x0000000008002cc4       0x24 /Users/aprillee/Code/DaisyExamples/libDaisy//build/libdaisy.a(system.o)
                0x0000000008002cc4                OTG_HS_IRQHandler
 .text.HardFault_Handler
                0x0000000008002ce8       0xe0 /Users/aprillee/Code/DaisyExamples/libDaisy//build/libdaisy.a(system.o)
                0x0000000008002ce8                HardFault_Handler
 .text._ZN5daisy6System5DelayEm
                0x0000000008002dc8        0x4 /Users/aprillee/Code/DaisyExamples/libDaisy//build/libdaisy.a(system.o)
                0x0000000008002dc8                daisy::System::Delay(unsigned long)
 .text._ZN5daisy6System15ConfigureClocksEv
                0x0000000008002dcc      0x194 /Users/aprillee/Code/DaisyExamples/libDaisy//build/libdaisy.a(system.o)
                0x0000000008002dcc                daisy::System::ConfigureClocks()
 .text._ZN5daisy6System4InitERKNS0_6ConfigE
                0x0000000008002f60      0x140 /Users/aprillee/Code/DaisyExamples/libDaisy//build/libdaisy.a(system.o)
                0x0000000008002f60                daisy::System::Init(daisy::System::Config const&)
 .text._ZN5daisy6System12GetPClk1FreqEv
                0x00000000080030a0        0x4 /Users/aprillee/Code/DaisyExamples/libDaisy//build/libdaisy.a(system.o)
                0x00000000080030a0                daisy::System::GetPClk1Freq()
 .text._ZN5daisy6System12GetPClk2FreqEv
                0x00000000080030a4        0x4 /Users/aprillee/Code/DaisyExamples/libDaisy//build/libdaisy.a(system.o)
                0x00000000080030a4                daisy::System::GetPClk2Freq()
 .text._ZN5daisy6System22GetProgramMemoryRegionEv
                0x00000000080030a8       0x78 /Users/aprillee/Code/DaisyExamples/libDaisy//build/libdaisy.a(system.o)
                0x00000000080030a8                daisy::System::GetProgramMemoryRegion()
 .text.startup._GLOBAL__sub_I_SysTick_Handler
                0x0000000008003120       0x1c /Users/aprillee/Code/DaisyExamples/libDaisy//build/libdaisy.a(system.o)
 .text.SystemInit
                0x000000000800313c       0x9c /Users/aprillee/Code/DaisyExamples/libDaisy//build/libdaisy.a(system_stm32h7xx.o)
                0x000000000800313c                SystemInit
 .text.HAL_PCD_SetupStageCallback
                0x00000000080031d8        0xc /Users/aprillee/Code/DaisyExamples/libDaisy//build/libdaisy.a(usbd_conf.o)
                0x00000000080031d8                HAL_PCD_SetupStageCallback
 .text.HAL_PCD_DataOutStageCallback
                0x00000000080031e4       0x14 /Users/aprillee/Code/DaisyExamples/libDaisy//build/libdaisy.a(usbd_conf.o)
                0x00000000080031e4                HAL_PCD_DataOutStageCallback
 .text.HAL_PCD_DataInStageCallback
                0x00000000080031f8       0x14 /Users/aprillee/Code/DaisyExamples/libDaisy//build/libdaisy.a(usbd_conf.o)
                0x00000000080031f8                HAL_PCD_DataInStageCallback
 .text.HAL_PCD_SOFCallback
                0x000000000800320c        0x8 /Users/aprillee/Code/DaisyExamples/libDaisy//build/libdaisy.a(usbd_conf.o)
                0x000000000800320c                HAL_PCD_SOFCallback
 .text.HAL_PCD_ResetCallback
                0x0000000008003214       0x24 /Users/aprillee/Code/DaisyExamples/libDaisy//build/libdaisy.a(usbd_conf.o)
                0x0000000008003214                HAL_PCD_ResetCallback
 .text.HAL_PCD_SuspendCallback
                0x0000000008003238       0x30 /Users/aprillee/Code/DaisyExamples/libDaisy//build/libdaisy.a(usbd_conf.o)
                0x0000000008003238                HAL_PCD_SuspendCallback
 .text.HAL_PCD_ResumeCallback
                0x0000000008003268        0x8 /Users/aprillee/Code/DaisyExamples/libDaisy//build/libdaisy.a(usbd_conf.o)
                0x0000000008003268                HAL_PCD_ResumeCallback
 .text.HAL_PCD_ISOOUTIncompleteCallback
                0x0000000008003270        0x8 /Users/aprillee/Code/DaisyExamples/libDaisy//build/libdaisy.a(usbd_conf.o)
                0x0000000008003270                HAL_PCD_ISOOUTIncompleteCallback
 .text.HAL_PCD_ISOINIncompleteCallback
                0x0000000008003278        0x8 /Users/aprillee/Code/DaisyExamples/libDaisy//build/libdaisy.a(usbd_conf.o)
                0x0000000008003278                HAL_PCD_ISOINIncompleteCallback
 .text.HAL_PCD_ConnectCallback
                0x0000000008003280        0x8 /Users/aprillee/Code/DaisyExamples/libDaisy//build/libdaisy.a(usbd_conf.o)
                0x0000000008003280                HAL_PCD_ConnectCallback
 .text.HAL_PCD_DisconnectCallback
                0x0000000008003288        0x8 /Users/aprillee/Code/DaisyExamples/libDaisy//build/libdaisy.a(usbd_conf.o)
                0x0000000008003288                HAL_PCD_DisconnectCallback
 .text.USBD_LL_OpenEP
                0x0000000008003290       0x24 /Users/aprillee/Code/DaisyExamples/libDaisy//build/libdaisy.a(usbd_conf.o)
                0x0000000008003290                USBD_LL_OpenEP
 .text.USBD_LL_StallEP
                0x00000000080032b4       0x1c /Users/aprillee/Code/DaisyExamples/libDaisy//build/libdaisy.a(usbd_conf.o)
                0x00000000080032b4                USBD_LL_StallEP
 .text.USBD_LL_ClearStallEP
                0x00000000080032d0       0x1c /Users/aprillee/Code/DaisyExamples/libDaisy//build/libdaisy.a(usbd_conf.o)
                0x00000000080032d0                USBD_LL_ClearStallEP
 .text.USBD_LL_IsStallEP
                0x00000000080032ec       0x28 /Users/aprillee/Code/DaisyExamples/libDaisy//build/libdaisy.a(usbd_conf.o)
                0x00000000080032ec                USBD_LL_IsStallEP
 .text.USBD_LL_SetUSBAddress
                0x0000000008003314       0x1c /Users/aprillee/Code/DaisyExamples/libDaisy//build/libdaisy.a(usbd_conf.o)
                0x0000000008003314                USBD_LL_SetUSBAddress
 .text.USBD_LL_Transmit
                0x0000000008003330       0x1c /Users/aprillee/Code/DaisyExamples/libDaisy//build/libdaisy.a(usbd_conf.o)
                0x0000000008003330                USBD_LL_Transmit
 .text.USBD_LL_PrepareReceive
                0x000000000800334c       0x1c /Users/aprillee/Code/DaisyExamples/libDaisy//build/libdaisy.a(usbd_conf.o)
                0x000000000800334c                USBD_LL_PrepareReceive
 .text.HAL_HCD_SOF_Callback
                0x0000000008003368        0x8 /Users/aprillee/Code/DaisyExamples/libDaisy//build/libdaisy.a(usbh_conf.o)
                0x0000000008003368                HAL_HCD_SOF_Callback
 .text.HAL_HCD_Connect_Callback
                0x0000000008003370        0x8 /Users/aprillee/Code/DaisyExamples/libDaisy//build/libdaisy.a(usbh_conf.o)
                0x0000000008003370                HAL_HCD_Connect_Callback
 .text.HAL_HCD_Disconnect_Callback
                0x0000000008003378        0x8 /Users/aprillee/Code/DaisyExamples/libDaisy//build/libdaisy.a(usbh_conf.o)
                0x0000000008003378                HAL_HCD_Disconnect_Callback
 .text.HAL_HCD_HC_NotifyURBChange_Callback
                0x0000000008003380        0x4 /Users/aprillee/Code/DaisyExamples/libDaisy//build/libdaisy.a(usbh_conf.o)
                0x0000000008003380                HAL_HCD_HC_NotifyURBChange_Callback
 .text.HAL_HCD_PortEnabled_Callback
                0x0000000008003384        0x8 /Users/aprillee/Code/DaisyExamples/libDaisy//build/libdaisy.a(usbh_conf.o)
                0x0000000008003384                HAL_HCD_PortEnabled_Callback
 .text.HAL_HCD_PortDisabled_Callback
                0x000000000800338c        0x8 /Users/aprillee/Code/DaisyExamples/libDaisy//build/libdaisy.a(usbh_conf.o)
                0x000000000800338c                HAL_HCD_PortDisabled_Callback
 .text.USBH_LL_Stop
                0x0000000008003394       0x1c /Users/aprillee/Code/DaisyExamples/libDaisy//build/libdaisy.a(usbh_conf.o)
                0x0000000008003394                USBH_LL_Stop
 .text.dsy_hal_map_get_port
                0x00000000080033b0       0x10 /Users/aprillee/Code/DaisyExamples/libDaisy//build/libdaisy.a(hal_map.o)
                0x00000000080033b0                dsy_hal_map_get_port
 .text.dsy_hal_map_get_pin
                0x00000000080033c0       0x10 /Users/aprillee/Code/DaisyExamples/libDaisy//build/libdaisy.a(hal_map.o)
                0x00000000080033c0                dsy_hal_map_get_pin
 .text.dsy_hal_map_gpio_clk_enable
                0x00000000080033d0      0x150 /Users/aprillee/Code/DaisyExamples/libDaisy//build/libdaisy.a(hal_map.o)
                0x00000000080033d0                dsy_hal_map_gpio_clk_enable
 .text.HAL_MspInit
                0x0000000008003520        0x4 /Users/aprillee/Code/DaisyExamples/libDaisy//build/libdaisy.a(stm32h7xx_hal.o)
                0x0000000008003520                HAL_MspInit
 .text.HAL_InitTick
                0x0000000008003524       0x4c /Users/aprillee/Code/DaisyExamples/libDaisy//build/libdaisy.a(stm32h7xx_hal.o)
                0x0000000008003524                HAL_InitTick
 .text.HAL_Init
                0x0000000008003570       0x60 /Users/aprillee/Code/DaisyExamples/libDaisy//build/libdaisy.a(stm32h7xx_hal.o)
                0x0000000008003570                HAL_Init
 .text.HAL_IncTick
                0x00000000080035d0       0x18 /Users/aprillee/Code/DaisyExamples/libDaisy//build/libdaisy.a(stm32h7xx_hal.o)
                0x00000000080035d0                HAL_IncTick
 .text.HAL_GetTick
                0x00000000080035e8        0xc /Users/aprillee/Code/DaisyExamples/libDaisy//build/libdaisy.a(stm32h7xx_hal.o)
                0x00000000080035e8                HAL_GetTick
 .text.HAL_Delay
                0x00000000080035f4       0x24 /Users/aprillee/Code/DaisyExamples/libDaisy//build/libdaisy.a(stm32h7xx_hal.o)
                0x00000000080035f4                HAL_Delay
 .text.HAL_GetREVID
                0x0000000008003618        0xc /Users/aprillee/Code/DaisyExamples/libDaisy//build/libdaisy.a(stm32h7xx_hal.o)
                0x0000000008003618                HAL_GetREVID
 .text.HAL_ADC_ConvHalfCpltCallback
                0x0000000008003624        0x4 /Users/aprillee/Code/DaisyExamples/libDaisy//build/libdaisy.a(stm32h7xx_hal_adc.o)
                0x0000000008003624                HAL_ADC_ConvHalfCpltCallback
 .text.ADC_DMAHalfConvCplt
                0x0000000008003628        0xc /Users/aprillee/Code/DaisyExamples/libDaisy//build/libdaisy.a(stm32h7xx_hal_adc.o)
                0x0000000008003628                ADC_DMAHalfConvCplt
 .text.ADC_DMAConvCplt
                0x0000000008003634       0x6c /Users/aprillee/Code/DaisyExamples/libDaisy//build/libdaisy.a(stm32h7xx_hal_adc.o)
                0x0000000008003634                ADC_DMAConvCplt
 .text.ADC_DMAError
                0x00000000080036a0       0x1c /Users/aprillee/Code/DaisyExamples/libDaisy//build/libdaisy.a(stm32h7xx_hal_adc.o)
                0x00000000080036a0                ADC_DMAError
 .text.HAL_ADC_ConfigChannel
                0x00000000080036bc      0x3fc /Users/aprillee/Code/DaisyExamples/libDaisy//build/libdaisy.a(stm32h7xx_hal_adc.o)
                0x00000000080036bc                HAL_ADC_ConfigChannel
 .text.ADC_Enable
                0x0000000008003ab8       0xac /Users/aprillee/Code/DaisyExamples/libDaisy//build/libdaisy.a(stm32h7xx_hal_adc.o)
                0x0000000008003ab8                ADC_Enable
 .text.HAL_ADC_Start_DMA
                0x0000000008003b64      0x114 /Users/aprillee/Code/DaisyExamples/libDaisy//build/libdaisy.a(stm32h7xx_hal_adc.o)
                0x0000000008003b64                HAL_ADC_Start_DMA
 .text.ADC_Disable
                0x0000000008003c78       0x68 /Users/aprillee/Code/DaisyExamples/libDaisy//build/libdaisy.a(stm32h7xx_hal_adc.o)
                0x0000000008003c78                ADC_Disable
 .text.ADC_ConfigureBoostMode
                0x0000000008003ce0      0x184 /Users/aprillee/Code/DaisyExamples/libDaisy//build/libdaisy.a(stm32h7xx_hal_adc.o)
                0x0000000008003ce0                ADC_ConfigureBoostMode
 .text.HAL_ADC_Init
                0x0000000008003e64      0x218 /Users/aprillee/Code/DaisyExamples/libDaisy//build/libdaisy.a(stm32h7xx_hal_adc.o)
                0x0000000008003e64                HAL_ADC_Init
 .text.HAL_ADCEx_Calibration_Start
                0x000000000800407c       0xa4 /Users/aprillee/Code/DaisyExamples/libDaisy//build/libdaisy.a(stm32h7xx_hal_adc_ex.o)
                0x000000000800407c                HAL_ADCEx_Calibration_Start
 .text.HAL_ADCEx_MultiModeConfigChannel
                0x0000000008004120       0xc4 /Users/aprillee/Code/DaisyExamples/libDaisy//build/libdaisy.a(stm32h7xx_hal_adc_ex.o)
                0x0000000008004120                HAL_ADCEx_MultiModeConfigChannel
 .text.HAL_NVIC_SetPriorityGrouping
                0x00000000080041e4       0x24 /Users/aprillee/Code/DaisyExamples/libDaisy//build/libdaisy.a(stm32h7xx_hal_cortex.o)
                0x00000000080041e4                HAL_NVIC_SetPriorityGrouping
 .text.HAL_NVIC_SetPriority
                0x0000000008004208       0x7c /Users/aprillee/Code/DaisyExamples/libDaisy//build/libdaisy.a(stm32h7xx_hal_cortex.o)
                0x0000000008004208                HAL_NVIC_SetPriority
 .text.HAL_NVIC_EnableIRQ
                0x0000000008004284       0x1c /Users/aprillee/Code/DaisyExamples/libDaisy//build/libdaisy.a(stm32h7xx_hal_cortex.o)
                0x0000000008004284                HAL_NVIC_EnableIRQ
 .text.HAL_NVIC_DisableIRQ
                0x00000000080042a0       0x28 /Users/aprillee/Code/DaisyExamples/libDaisy//build/libdaisy.a(stm32h7xx_hal_cortex.o)
                0x00000000080042a0                HAL_NVIC_DisableIRQ
 .text.HAL_SYSTICK_Config
                0x00000000080042c8       0x2c /Users/aprillee/Code/DaisyExamples/libDaisy//build/libdaisy.a(stm32h7xx_hal_cortex.o)
                0x00000000080042c8                HAL_SYSTICK_Config
 .text.HAL_MPU_Disable
                0x00000000080042f4       0x1c /Users/aprillee/Code/DaisyExamples/libDaisy//build/libdaisy.a(stm32h7xx_hal_cortex.o)
                0x00000000080042f4                HAL_MPU_Disable
 .text.HAL_MPU_Enable
                0x0000000008004310       0x20 /Users/aprillee/Code/DaisyExamples/libDaisy//build/libdaisy.a(stm32h7xx_hal_cortex.o)
                0x0000000008004310                HAL_MPU_Enable
 .text.HAL_MPU_ConfigRegion
                0x0000000008004330       0x64 /Users/aprillee/Code/DaisyExamples/libDaisy//build/libdaisy.a(stm32h7xx_hal_cortex.o)
                0x0000000008004330                HAL_MPU_ConfigRegion
 .text.HAL_SYSTICK_Callback
                0x0000000008004394        0x4 /Users/aprillee/Code/DaisyExamples/libDaisy//build/libdaisy.a(stm32h7xx_hal_cortex.o)
                0x0000000008004394                HAL_SYSTICK_Callback
 .text.HAL_SYSTICK_IRQHandler
                0x0000000008004398        0x8 /Users/aprillee/Code/DaisyExamples/libDaisy//build/libdaisy.a(stm32h7xx_hal_cortex.o)
                0x0000000008004398                HAL_SYSTICK_IRQHandler
 .text.HAL_DAC_Init
                0x00000000080043a0       0x2c /Users/aprillee/Code/DaisyExamples/libDaisy//build/libdaisy.a(stm32h7xx_hal_dac.o)
                0x00000000080043a0                HAL_DAC_Init
 .text.HAL_DAC_Start_DMA
                0x00000000080043cc      0x118 /Users/aprillee/Code/DaisyExamples/libDaisy//build/libdaisy.a(stm32h7xx_hal_dac.o)
                0x00000000080043cc                HAL_DAC_Start_DMA
 .text.HAL_DAC_Stop_DMA
                0x00000000080044e4       0x5c /Users/aprillee/Code/DaisyExamples/libDaisy//build/libdaisy.a(stm32h7xx_hal_dac.o)
                0x00000000080044e4                HAL_DAC_Stop_DMA
 .text.DAC_DMAConvCpltCh1
                0x0000000008004540       0x10 /Users/aprillee/Code/DaisyExamples/libDaisy//build/libdaisy.a(stm32h7xx_hal_dac.o)
 .text.DAC_DMAHalfConvCpltCh1
                0x0000000008004550        0xc /Users/aprillee/Code/DaisyExamples/libDaisy//build/libdaisy.a(stm32h7xx_hal_dac.o)
 .text.HAL_DAC_ErrorCallbackCh1
                0x000000000800455c        0x4 /Users/aprillee/Code/DaisyExamples/libDaisy//build/libdaisy.a(stm32h7xx_hal_dac.o)
                0x000000000800455c                HAL_DAC_ErrorCallbackCh1
 .text.DAC_DMAErrorCh1
                0x0000000008004560       0x18 /Users/aprillee/Code/DaisyExamples/libDaisy//build/libdaisy.a(stm32h7xx_hal_dac.o)
 .text.HAL_DAC_DMAUnderrunCallbackCh1
                0x0000000008004578        0x4 /Users/aprillee/Code/DaisyExamples/libDaisy//build/libdaisy.a(stm32h7xx_hal_dac.o)
                0x0000000008004578                HAL_DAC_DMAUnderrunCallbackCh1
 .text.HAL_DAC_IRQHandler
                0x000000000800457c       0x68 /Users/aprillee/Code/DaisyExamples/libDaisy//build/libdaisy.a(stm32h7xx_hal_dac.o)
                0x000000000800457c                HAL_DAC_IRQHandler
 .text.HAL_DAC_ConfigChannel
                0x00000000080045e4      0x130 /Users/aprillee/Code/DaisyExamples/libDaisy//build/libdaisy.a(stm32h7xx_hal_dac.o)
                0x00000000080045e4                HAL_DAC_ConfigChannel
 .text.HAL_DACEx_ErrorCallbackCh2
                0x0000000008004714        0x4 /Users/aprillee/Code/DaisyExamples/libDaisy//build/libdaisy.a(stm32h7xx_hal_dac_ex.o)
                0x0000000008004714                HAL_DACEx_ErrorCallbackCh2
 .text.HAL_DACEx_DMAUnderrunCallbackCh2
                0x0000000008004718        0x4 /Users/aprillee/Code/DaisyExamples/libDaisy//build/libdaisy.a(stm32h7xx_hal_dac_ex.o)
                0x0000000008004718                HAL_DACEx_DMAUnderrunCallbackCh2
 .text.DAC_DMAConvCpltCh2
                0x000000000800471c       0x10 /Users/aprillee/Code/DaisyExamples/libDaisy//build/libdaisy.a(stm32h7xx_hal_dac_ex.o)
                0x000000000800471c                DAC_DMAConvCpltCh2
 .text.DAC_DMAHalfConvCpltCh2
                0x000000000800472c        0xc /Users/aprillee/Code/DaisyExamples/libDaisy//build/libdaisy.a(stm32h7xx_hal_dac_ex.o)
                0x000000000800472c                DAC_DMAHalfConvCpltCh2
 .text.DAC_DMAErrorCh2
                0x0000000008004738       0x18 /Users/aprillee/Code/DaisyExamples/libDaisy//build/libdaisy.a(stm32h7xx_hal_dac_ex.o)
                0x0000000008004738                DAC_DMAErrorCh2
 .text.DMA_CalcBaseAndBitshift
                0x0000000008004750       0xf4 /Users/aprillee/Code/DaisyExamples/libDaisy//build/libdaisy.a(stm32h7xx_hal_dma.o)
 .text.DMA_CalcDMAMUXChannelBaseAndMask
                0x0000000008004844       0xd8 /Users/aprillee/Code/DaisyExamples/libDaisy//build/libdaisy.a(stm32h7xx_hal_dma.o)
 .text.HAL_DMA_Init
                0x000000000800491c      0x37c /Users/aprillee/Code/DaisyExamples/libDaisy//build/libdaisy.a(stm32h7xx_hal_dma.o)
                0x000000000800491c                HAL_DMA_Init
 .text.HAL_DMA_Start_IT
                0x0000000008004c98      0x240 /Users/aprillee/Code/DaisyExamples/libDaisy//build/libdaisy.a(stm32h7xx_hal_dma.o)
                0x0000000008004c98                HAL_DMA_Start_IT
 .text.HAL_DMA_Abort
                0x0000000008004ed8      0x21c /Users/aprillee/Code/DaisyExamples/libDaisy//build/libdaisy.a(stm32h7xx_hal_dma.o)
                0x0000000008004ed8                HAL_DMA_Abort
 .text.HAL_DMA_Abort_IT
                0x00000000080050f4      0x134 /Users/aprillee/Code/DaisyExamples/libDaisy//build/libdaisy.a(stm32h7xx_hal_dma.o)
                0x00000000080050f4                HAL_DMA_Abort_IT
 .text.HAL_DMA_IRQHandler
                0x0000000008005228      0x6a0 /Users/aprillee/Code/DaisyExamples/libDaisy//build/libdaisy.a(stm32h7xx_hal_dma.o)
                0x0000000008005228                HAL_DMA_IRQHandler
 .text.HAL_DMA_GetError
                0x00000000080058c8        0x4 /Users/aprillee/Code/DaisyExamples/libDaisy//build/libdaisy.a(stm32h7xx_hal_dma.o)
                0x00000000080058c8                HAL_DMA_GetError
 .text.HAL_GPIO_Init
                0x00000000080058cc      0x280 /Users/aprillee/Code/DaisyExamples/libDaisy//build/libdaisy.a(stm32h7xx_hal_gpio.o)
                0x00000000080058cc                HAL_GPIO_Init
 .text.HAL_GPIO_DeInit
                0x0000000008005b4c      0x190 /Users/aprillee/Code/DaisyExamples/libDaisy//build/libdaisy.a(stm32h7xx_hal_gpio.o)
                0x0000000008005b4c                HAL_GPIO_DeInit
 .text.HAL_GPIO_WritePin
                0x0000000008005cdc        0x8 /Users/aprillee/Code/DaisyExamples/libDaisy//build/libdaisy.a(stm32h7xx_hal_gpio.o)
                0x0000000008005cdc                HAL_GPIO_WritePin
 .text.HAL_HCD_IRQHandler
                0x0000000008005ce4      0x780 /Users/aprillee/Code/DaisyExamples/libDaisy//build/libdaisy.a(stm32h7xx_hal_hcd.o)
                0x0000000008005ce4                HAL_HCD_IRQHandler
 .text.HAL_HCD_Stop
                0x0000000008006464       0x28 /Users/aprillee/Code/DaisyExamples/libDaisy//build/libdaisy.a(stm32h7xx_hal_hcd.o)
                0x0000000008006464                HAL_HCD_Stop
 .text.I2C_WaitOnTXISFlagUntilTimeout
                0x000000000800648c       0xb8 /Users/aprillee/Code/DaisyExamples/libDaisy//build/libdaisy.a(stm32h7xx_hal_i2c.o)
 .text.I2C_WaitOnSTOPFlagUntilTimeout
                0x0000000008006544       0xac /Users/aprillee/Code/DaisyExamples/libDaisy//build/libdaisy.a(stm32h7xx_hal_i2c.o)
 .text.HAL_I2C_Init
                0x00000000080065f0       0xac /Users/aprillee/Code/DaisyExamples/libDaisy//build/libdaisy.a(stm32h7xx_hal_i2c.o)
                0x00000000080065f0                HAL_I2C_Init
 .text.HAL_I2C_Mem_Write
                0x000000000800669c      0x254 /Users/aprillee/Code/DaisyExamples/libDaisy//build/libdaisy.a(stm32h7xx_hal_i2c.o)
                0x000000000800669c                HAL_I2C_Mem_Write
 .text.HAL_I2C_Mem_Read
                0x00000000080068f0      0x29c /Users/aprillee/Code/DaisyExamples/libDaisy//build/libdaisy.a(stm32h7xx_hal_i2c.o)
                0x00000000080068f0                HAL_I2C_Mem_Read
 .text.HAL_I2C_EV_IRQHandler
                0x0000000008006b8c       0x10 /Users/aprillee/Code/DaisyExamples/libDaisy//build/libdaisy.a(stm32h7xx_hal_i2c.o)
                0x0000000008006b8c                HAL_I2C_EV_IRQHandler
 .text.HAL_I2C_GetState
                0x0000000008006b9c        0x8 /Users/aprillee/Code/DaisyExamples/libDaisy//build/libdaisy.a(stm32h7xx_hal_i2c.o)
                0x0000000008006b9c                HAL_I2C_GetState
 .text.HAL_I2CEx_ConfigAnalogFilter
                0x0000000008006ba4       0x54 /Users/aprillee/Code/DaisyExamples/libDaisy//build/libdaisy.a(stm32h7xx_hal_i2c_ex.o)
                0x0000000008006ba4                HAL_I2CEx_ConfigAnalogFilter
 .text.HAL_I2CEx_ConfigDigitalFilter
                0x0000000008006bf8       0x58 /Users/aprillee/Code/DaisyExamples/libDaisy//build/libdaisy.a(stm32h7xx_hal_i2c_ex.o)
                0x0000000008006bf8                HAL_I2CEx_ConfigDigitalFilter
 .text.HAL_PCD_IRQHandler
                0x0000000008006c50      0x69c /Users/aprillee/Code/DaisyExamples/libDaisy//build/libdaisy.a(stm32h7xx_hal_pcd.o)
                0x0000000008006c50                HAL_PCD_IRQHandler
 .text.HAL_PCD_SetAddress
                0x00000000080072ec       0x2c /Users/aprillee/Code/DaisyExamples/libDaisy//build/libdaisy.a(stm32h7xx_hal_pcd.o)
                0x00000000080072ec                HAL_PCD_SetAddress
 .text.HAL_PCD_EP_Open
                0x0000000008007318       0x7c /Users/aprillee/Code/DaisyExamples/libDaisy//build/libdaisy.a(stm32h7xx_hal_pcd.o)
                0x0000000008007318                HAL_PCD_EP_Open
 .text.HAL_PCD_EP_Receive
                0x0000000008007394       0x50 /Users/aprillee/Code/DaisyExamples/libDaisy//build/libdaisy.a(stm32h7xx_hal_pcd.o)
                0x0000000008007394                HAL_PCD_EP_Receive
 .text.HAL_PCD_EP_Transmit
                0x00000000080073e4       0x50 /Users/aprillee/Code/DaisyExamples/libDaisy//build/libdaisy.a(stm32h7xx_hal_pcd.o)
                0x00000000080073e4                HAL_PCD_EP_Transmit
 .text.HAL_PCD_EP_SetStall
                0x0000000008007434       0x88 /Users/aprillee/Code/DaisyExamples/libDaisy//build/libdaisy.a(stm32h7xx_hal_pcd.o)
                0x0000000008007434                HAL_PCD_EP_SetStall
 .text.HAL_PCD_EP_ClrStall
                0x00000000080074bc       0x78 /Users/aprillee/Code/DaisyExamples/libDaisy//build/libdaisy.a(stm32h7xx_hal_pcd.o)
                0x00000000080074bc                HAL_PCD_EP_ClrStall
 .text.HAL_PCDEx_LPM_Callback
                0x0000000008007534        0x4 /Users/aprillee/Code/DaisyExamples/libDaisy//build/libdaisy.a(stm32h7xx_hal_pcd_ex.o)
                0x0000000008007534                HAL_PCDEx_LPM_Callback
 .text.HAL_PWREx_ConfigSupply
                0x0000000008007538       0x4c /Users/aprillee/Code/DaisyExamples/libDaisy//build/libdaisy.a(stm32h7xx_hal_pwr_ex.o)
                0x0000000008007538                HAL_PWREx_ConfigSupply
 .text.HAL_PWREx_EnableUSBVoltageDetector
                0x0000000008007584       0x10 /Users/aprillee/Code/DaisyExamples/libDaisy//build/libdaisy.a(stm32h7xx_hal_pwr_ex.o)
                0x0000000008007584                HAL_PWREx_EnableUSBVoltageDetector
 .text.QSPI_Config
                0x0000000008007594      0x174 /Users/aprillee/Code/DaisyExamples/libDaisy//build/libdaisy.a(stm32h7xx_hal_qspi.o)
 .text.HAL_QSPI_Init
                0x0000000008007708       0xd8 /Users/aprillee/Code/DaisyExamples/libDaisy//build/libdaisy.a(stm32h7xx_hal_qspi.o)
                0x0000000008007708                HAL_QSPI_Init
 .text.HAL_QSPI_DeInit
                0x00000000080077e0       0x3c /Users/aprillee/Code/DaisyExamples/libDaisy//build/libdaisy.a(stm32h7xx_hal_qspi.o)
                0x00000000080077e0                HAL_QSPI_DeInit
 .text.HAL_QSPI_Command
                0x000000000800781c       0xd4 /Users/aprillee/Code/DaisyExamples/libDaisy//build/libdaisy.a(stm32h7xx_hal_qspi.o)
                0x000000000800781c                HAL_QSPI_Command
 .text.HAL_QSPI_Transmit
                0x00000000080078f0       0xfc /Users/aprillee/Code/DaisyExamples/libDaisy//build/libdaisy.a(stm32h7xx_hal_qspi.o)
                0x00000000080078f0                HAL_QSPI_Transmit
 .text.HAL_QSPI_Receive
                0x00000000080079ec      0x108 /Users/aprillee/Code/DaisyExamples/libDaisy//build/libdaisy.a(stm32h7xx_hal_qspi.o)
                0x00000000080079ec                HAL_QSPI_Receive
 .text.HAL_QSPI_AutoPolling
                0x0000000008007af4       0xf0 /Users/aprillee/Code/DaisyExamples/libDaisy//build/libdaisy.a(stm32h7xx_hal_qspi.o)
                0x0000000008007af4                HAL_QSPI_AutoPolling
 .text.HAL_QSPI_MemoryMapped
                0x0000000008007be4       0xc0 /Users/aprillee/Code/DaisyExamples/libDaisy//build/libdaisy.a(stm32h7xx_hal_qspi.o)
                0x0000000008007be4                HAL_QSPI_MemoryMapped
 .text.HAL_QSPI_ErrorCallback
                0x0000000008007ca4        0x4 /Users/aprillee/Code/DaisyExamples/libDaisy//build/libdaisy.a(stm32h7xx_hal_qspi.o)
                0x0000000008007ca4                HAL_QSPI_ErrorCallback
 .text.QSPI_DMAAbortCplt
                0x0000000008007ca8       0x38 /Users/aprillee/Code/DaisyExamples/libDaisy//build/libdaisy.a(stm32h7xx_hal_qspi.o)
 .text.HAL_QSPI_AbortCpltCallback
                0x0000000008007ce0        0x4 /Users/aprillee/Code/DaisyExamples/libDaisy//build/libdaisy.a(stm32h7xx_hal_qspi.o)
                0x0000000008007ce0                HAL_QSPI_AbortCpltCallback
 .text.HAL_QSPI_CmdCpltCallback
                0x0000000008007ce4        0x4 /Users/aprillee/Code/DaisyExamples/libDaisy//build/libdaisy.a(stm32h7xx_hal_qspi.o)
                0x0000000008007ce4                HAL_QSPI_CmdCpltCallback
 .text.HAL_QSPI_RxCpltCallback
                0x0000000008007ce8        0x4 /Users/aprillee/Code/DaisyExamples/libDaisy//build/libdaisy.a(stm32h7xx_hal_qspi.o)
                0x0000000008007ce8                HAL_QSPI_RxCpltCallback
 .text.HAL_QSPI_TxCpltCallback
                0x0000000008007cec        0x4 /Users/aprillee/Code/DaisyExamples/libDaisy//build/libdaisy.a(stm32h7xx_hal_qspi.o)
                0x0000000008007cec                HAL_QSPI_TxCpltCallback
 .text.HAL_QSPI_FifoThresholdCallback
                0x0000000008007cf0        0x4 /Users/aprillee/Code/DaisyExamples/libDaisy//build/libdaisy.a(stm32h7xx_hal_qspi.o)
                0x0000000008007cf0                HAL_QSPI_FifoThresholdCallback
 .text.HAL_QSPI_StatusMatchCallback
                0x0000000008007cf4        0x4 /Users/aprillee/Code/DaisyExamples/libDaisy//build/libdaisy.a(stm32h7xx_hal_qspi.o)
                0x0000000008007cf4                HAL_QSPI_StatusMatchCallback
 .text.HAL_QSPI_TimeOutCallback
                0x0000000008007cf8        0x4 /Users/aprillee/Code/DaisyExamples/libDaisy//build/libdaisy.a(stm32h7xx_hal_qspi.o)
                0x0000000008007cf8                HAL_QSPI_TimeOutCallback
 .text.HAL_QSPI_IRQHandler
                0x0000000008007cfc      0x210 /Users/aprillee/Code/DaisyExamples/libDaisy//build/libdaisy.a(stm32h7xx_hal_qspi.o)
                0x0000000008007cfc                HAL_QSPI_IRQHandler
 .text.HAL_RCC_OscConfig
                0x0000000008007f0c      0x51c /Users/aprillee/Code/DaisyExamples/libDaisy//build/libdaisy.a(stm32h7xx_hal_rcc.o)
                0x0000000008007f0c                HAL_RCC_OscConfig
 .text.HAL_RCC_GetSysClockFreq
                0x0000000008008428      0x140 /Users/aprillee/Code/DaisyExamples/libDaisy//build/libdaisy.a(stm32h7xx_hal_rcc.o)
                0x0000000008008428                HAL_RCC_GetSysClockFreq
 .text.HAL_RCC_ClockConfig
                0x0000000008008568      0x234 /Users/aprillee/Code/DaisyExamples/libDaisy//build/libdaisy.a(stm32h7xx_hal_rcc.o)
                0x0000000008008568                HAL_RCC_ClockConfig
 .text.HAL_RCC_GetHCLKFreq
                0x000000000800879c       0x2c /Users/aprillee/Code/DaisyExamples/libDaisy//build/libdaisy.a(stm32h7xx_hal_rcc.o)
                0x000000000800879c                HAL_RCC_GetHCLKFreq
 .text.HAL_RCC_GetPCLK1Freq
                0x00000000080087c8       0x38 /Users/aprillee/Code/DaisyExamples/libDaisy//build/libdaisy.a(stm32h7xx_hal_rcc.o)
                0x00000000080087c8                HAL_RCC_GetPCLK1Freq
 .text.HAL_RCC_GetPCLK2Freq
                0x0000000008008800       0x38 /Users/aprillee/Code/DaisyExamples/libDaisy//build/libdaisy.a(stm32h7xx_hal_rcc.o)
                0x0000000008008800                HAL_RCC_GetPCLK2Freq
 .text.RCCEx_PLL2_Config
                0x0000000008008838       0xf4 /Users/aprillee/Code/DaisyExamples/libDaisy//build/libdaisy.a(stm32h7xx_hal_rcc_ex.o)
 .text.RCCEx_PLL3_Config
                0x000000000800892c       0xf4 /Users/aprillee/Code/DaisyExamples/libDaisy//build/libdaisy.a(stm32h7xx_hal_rcc_ex.o)
 .text.HAL_RCCEx_PeriphCLKConfig
                0x0000000008008a20      0xa7c /Users/aprillee/Code/DaisyExamples/libDaisy//build/libdaisy.a(stm32h7xx_hal_rcc_ex.o)
                0x0000000008008a20                HAL_RCCEx_PeriphCLKConfig
 .text.HAL_RCCEx_GetD3PCLK1Freq
                0x000000000800949c       0x24 /Users/aprillee/Code/DaisyExamples/libDaisy//build/libdaisy.a(stm32h7xx_hal_rcc_ex.o)
                0x000000000800949c                HAL_RCCEx_GetD3PCLK1Freq
 .text.HAL_RCCEx_GetPLL2ClockFreq
                0x00000000080094c0      0x17c /Users/aprillee/Code/DaisyExamples/libDaisy//build/libdaisy.a(stm32h7xx_hal_rcc_ex.o)
                0x00000000080094c0                HAL_RCCEx_GetPLL2ClockFreq
 .text.HAL_RCCEx_GetPLL3ClockFreq
                0x000000000800963c      0x17c /Users/aprillee/Code/DaisyExamples/libDaisy//build/libdaisy.a(stm32h7xx_hal_rcc_ex.o)
                0x000000000800963c                HAL_RCCEx_GetPLL3ClockFreq
 .text.HAL_RCCEx_GetPLL1ClockFreq
                0x00000000080097b8      0x17c /Users/aprillee/Code/DaisyExamples/libDaisy//build/libdaisy.a(stm32h7xx_hal_rcc_ex.o)
                0x00000000080097b8                HAL_RCCEx_GetPLL1ClockFreq
 .text.HAL_RCCEx_GetPeriphCLKFreq
                0x0000000008009934      0x198 /Users/aprillee/Code/DaisyExamples/libDaisy//build/libdaisy.a(stm32h7xx_hal_rcc_ex.o)
                0x0000000008009934                HAL_RCCEx_GetPeriphCLKFreq
 .text.HAL_RCCEx_GetD1SysClockFreq
                0x0000000008009acc       0x2c /Users/aprillee/Code/DaisyExamples/libDaisy//build/libdaisy.a(stm32h7xx_hal_rcc_ex.o)
                0x0000000008009acc                HAL_RCCEx_GetD1SysClockFreq
 .text.HAL_SAI_Init.part.0
                0x0000000008009af8      0x348 /Users/aprillee/Code/DaisyExamples/libDaisy//build/libdaisy.a(stm32h7xx_hal_sai.o)
 .text.HAL_SAI_InitProtocol
                0x0000000008009e40      0x178 /Users/aprillee/Code/DaisyExamples/libDaisy//build/libdaisy.a(stm32h7xx_hal_sai.o)
                0x0000000008009e40                HAL_SAI_InitProtocol
 .text.HAL_SDRAM_Init
                0x0000000008009fb8       0x54 /Users/aprillee/Code/DaisyExamples/libDaisy//build/libdaisy.a(stm32h7xx_hal_sdram.o)
                0x0000000008009fb8                HAL_SDRAM_Init
 .text.HAL_SDRAM_SendCommand
                0x000000000800a00c       0x40 /Users/aprillee/Code/DaisyExamples/libDaisy//build/libdaisy.a(stm32h7xx_hal_sdram.o)
                0x000000000800a00c                HAL_SDRAM_SendCommand
 .text.HAL_SDRAM_ProgramRefreshRate
                0x000000000800a04c       0x30 /Users/aprillee/Code/DaisyExamples/libDaisy//build/libdaisy.a(stm32h7xx_hal_sdram.o)
                0x000000000800a04c                HAL_SDRAM_ProgramRefreshRate
 .text.HAL_TIM_Base_Init
                0x000000000800a07c      0x140 /Users/aprillee/Code/DaisyExamples/libDaisy//build/libdaisy.a(stm32h7xx_hal_tim.o)
                0x000000000800a07c                HAL_TIM_Base_Init
 .text.HAL_TIM_Base_Start
                0x000000000800a1bc       0x34 /Users/aprillee/Code/DaisyExamples/libDaisy//build/libdaisy.a(stm32h7xx_hal_tim.o)
                0x000000000800a1bc                HAL_TIM_Base_Start
 .text.HAL_TIM_Base_Start_IT
                0x000000000800a1f0       0x2c /Users/aprillee/Code/DaisyExamples/libDaisy//build/libdaisy.a(stm32h7xx_hal_tim.o)
                0x000000000800a1f0                HAL_TIM_Base_Start_IT
 .text.HAL_TIM_ConfigClockSource
                0x000000000800a21c      0x17c /Users/aprillee/Code/DaisyExamples/libDaisy//build/libdaisy.a(stm32h7xx_hal_tim.o)
                0x000000000800a21c                HAL_TIM_ConfigClockSource
 .text.HAL_TIM_OC_DelayElapsedCallback
                0x000000000800a398        0x4 /Users/aprillee/Code/DaisyExamples/libDaisy//build/libdaisy.a(stm32h7xx_hal_tim.o)
                0x000000000800a398                HAL_TIM_OC_DelayElapsedCallback
 .text.HAL_TIM_IC_CaptureCallback
                0x000000000800a39c        0x4 /Users/aprillee/Code/DaisyExamples/libDaisy//build/libdaisy.a(stm32h7xx_hal_tim.o)
                0x000000000800a39c                HAL_TIM_IC_CaptureCallback
 .text.HAL_TIM_PWM_PulseFinishedCallback
                0x000000000800a3a0        0x4 /Users/aprillee/Code/DaisyExamples/libDaisy//build/libdaisy.a(stm32h7xx_hal_tim.o)
                0x000000000800a3a0                HAL_TIM_PWM_PulseFinishedCallback
 .text.HAL_TIM_TriggerCallback
                0x000000000800a3a4        0x4 /Users/aprillee/Code/DaisyExamples/libDaisy//build/libdaisy.a(stm32h7xx_hal_tim.o)
                0x000000000800a3a4                HAL_TIM_TriggerCallback
 .text.HAL_TIM_IRQHandler
                0x000000000800a3a8      0x170 /Users/aprillee/Code/DaisyExamples/libDaisy//build/libdaisy.a(stm32h7xx_hal_tim.o)
                0x000000000800a3a8                HAL_TIM_IRQHandler
 .text.HAL_TIMEx_MasterConfigSynchronization
                0x000000000800a518       0x64 /Users/aprillee/Code/DaisyExamples/libDaisy//build/libdaisy.a(stm32h7xx_hal_tim_ex.o)
                0x000000000800a518                HAL_TIMEx_MasterConfigSynchronization
 .text.HAL_TIMEx_CommutCallback
                0x000000000800a57c        0x4 /Users/aprillee/Code/DaisyExamples/libDaisy//build/libdaisy.a(stm32h7xx_hal_tim_ex.o)
                0x000000000800a57c                HAL_TIMEx_CommutCallback
 .text.HAL_TIMEx_BreakCallback
                0x000000000800a580        0x4 /Users/aprillee/Code/DaisyExamples/libDaisy//build/libdaisy.a(stm32h7xx_hal_tim_ex.o)
                0x000000000800a580                HAL_TIMEx_BreakCallback
 .text.HAL_TIMEx_Break2Callback
                0x000000000800a584        0x4 /Users/aprillee/Code/DaisyExamples/libDaisy//build/libdaisy.a(stm32h7xx_hal_tim_ex.o)
                0x000000000800a584                HAL_TIMEx_Break2Callback
 .text.FMC_SDRAM_Init
                0x000000000800a588       0x7c /Users/aprillee/Code/DaisyExamples/libDaisy//build/libdaisy.a(stm32h7xx_ll_fmc.o)
                0x000000000800a588                FMC_SDRAM_Init
 .text.FMC_SDRAM_Timing_Init
                0x000000000800a604       0x98 /Users/aprillee/Code/DaisyExamples/libDaisy//build/libdaisy.a(stm32h7xx_ll_fmc.o)
                0x000000000800a604                FMC_SDRAM_Timing_Init
 .text.FMC_SDRAM_SendCommand
                0x000000000800a69c       0x28 /Users/aprillee/Code/DaisyExamples/libDaisy//build/libdaisy.a(stm32h7xx_ll_fmc.o)
                0x000000000800a69c                FMC_SDRAM_SendCommand
 .text.FMC_SDRAM_ProgramRefreshRate
                0x000000000800a6c4       0x1c /Users/aprillee/Code/DaisyExamples/libDaisy//build/libdaisy.a(stm32h7xx_ll_fmc.o)
                0x000000000800a6c4                FMC_SDRAM_ProgramRefreshRate
 .text.USB_SetTurnaroundTime
                0x000000000800a6e0      0x104 /Users/aprillee/Code/DaisyExamples/libDaisy//build/libdaisy.a(stm32h7xx_ll_usb.o)
                0x000000000800a6e0                USB_SetTurnaroundTime
 .text.USB_FlushTxFifo
                0x000000000800a7e4       0x34 /Users/aprillee/Code/DaisyExamples/libDaisy//build/libdaisy.a(stm32h7xx_ll_usb.o)
                0x000000000800a7e4                USB_FlushTxFifo
 .text.USB_GetDevSpeed
                0x000000000800a818       0x24 /Users/aprillee/Code/DaisyExamples/libDaisy//build/libdaisy.a(stm32h7xx_ll_usb.o)
                0x000000000800a818                USB_GetDevSpeed
 .text.USB_ActivateEndpoint
                0x000000000800a83c       0x90 /Users/aprillee/Code/DaisyExamples/libDaisy//build/libdaisy.a(stm32h7xx_ll_usb.o)
                0x000000000800a83c                USB_ActivateEndpoint
 .text.USB_EPStartXfer
                0x000000000800a8cc      0x230 /Users/aprillee/Code/DaisyExamples/libDaisy//build/libdaisy.a(stm32h7xx_ll_usb.o)
                0x000000000800a8cc                USB_EPStartXfer
 .text.USB_EP0StartXfer
                0x000000000800aafc      0x174 /Users/aprillee/Code/DaisyExamples/libDaisy//build/libdaisy.a(stm32h7xx_ll_usb.o)
                0x000000000800aafc                USB_EP0StartXfer
 .text.USB_WritePacket
                0x000000000800ac70       0x2c /Users/aprillee/Code/DaisyExamples/libDaisy//build/libdaisy.a(stm32h7xx_ll_usb.o)
                0x000000000800ac70                USB_WritePacket
 .text.USB_ReadPacket
                0x000000000800ac9c       0x20 /Users/aprillee/Code/DaisyExamples/libDaisy//build/libdaisy.a(stm32h7xx_ll_usb.o)
                0x000000000800ac9c                USB_ReadPacket
 .text.USB_EPSetStall
                0x000000000800acbc       0x68 /Users/aprillee/Code/DaisyExamples/libDaisy//build/libdaisy.a(stm32h7xx_ll_usb.o)
                0x000000000800acbc                USB_EPSetStall
 .text.USB_EPClearStall
                0x000000000800ad24       0x58 /Users/aprillee/Code/DaisyExamples/libDaisy//build/libdaisy.a(stm32h7xx_ll_usb.o)
                0x000000000800ad24                USB_EPClearStall
 .text.USB_SetDevAddress
                0x000000000800ad7c       0x24 /Users/aprillee/Code/DaisyExamples/libDaisy//build/libdaisy.a(stm32h7xx_ll_usb.o)
                0x000000000800ad7c                USB_SetDevAddress
 .text.USB_ReadInterrupts
                0x000000000800ada0       0x14 /Users/aprillee/Code/DaisyExamples/libDaisy//build/libdaisy.a(stm32h7xx_ll_usb.o)
                0x000000000800ada0                USB_ReadInterrupts
 .text.USB_ReadDevAllOutEpInterrupt
                0x000000000800adb4       0x1c /Users/aprillee/Code/DaisyExamples/libDaisy//build/libdaisy.a(stm32h7xx_ll_usb.o)
                0x000000000800adb4                USB_ReadDevAllOutEpInterrupt
 .text.USB_ReadDevAllInEpInterrupt
                0x000000000800add0       0x1c /Users/aprillee/Code/DaisyExamples/libDaisy//build/libdaisy.a(stm32h7xx_ll_usb.o)
                0x000000000800add0                USB_ReadDevAllInEpInterrupt
 .text.USB_ReadDevOutEPInterrupt
                0x000000000800adec       0x1c /Users/aprillee/Code/DaisyExamples/libDaisy//build/libdaisy.a(stm32h7xx_ll_usb.o)
                0x000000000800adec                USB_ReadDevOutEPInterrupt
 .text.USB_ReadDevInEPInterrupt
                0x000000000800ae08       0x38 /Users/aprillee/Code/DaisyExamples/libDaisy//build/libdaisy.a(stm32h7xx_ll_usb.o)
                0x000000000800ae08                USB_ReadDevInEPInterrupt
 .text.USB_GetMode
                0x000000000800ae40        0x8 /Users/aprillee/Code/DaisyExamples/libDaisy//build/libdaisy.a(stm32h7xx_ll_usb.o)
                0x000000000800ae40                USB_GetMode
 .text.USB_ActivateSetup
                0x000000000800ae48       0x38 /Users/aprillee/Code/DaisyExamples/libDaisy//build/libdaisy.a(stm32h7xx_ll_usb.o)
                0x000000000800ae48                USB_ActivateSetup
 .text.USB_EP0_OutStart
                0x000000000800ae80       0x58 /Users/aprillee/Code/DaisyExamples/libDaisy//build/libdaisy.a(stm32h7xx_ll_usb.o)
                0x000000000800ae80                USB_EP0_OutStart
 .text.USB_InitFSLSPClkSel
                0x000000000800aed8       0x44 /Users/aprillee/Code/DaisyExamples/libDaisy//build/libdaisy.a(stm32h7xx_ll_usb.o)
                0x000000000800aed8                USB_InitFSLSPClkSel
 .text.USB_HC_ReadInterrupt
                0x000000000800af1c        0x8 /Users/aprillee/Code/DaisyExamples/libDaisy//build/libdaisy.a(stm32h7xx_ll_usb.o)
                0x000000000800af1c                USB_HC_ReadInterrupt
 .text.USB_HC_Halt
                0x000000000800af24       0xc0 /Users/aprillee/Code/DaisyExamples/libDaisy//build/libdaisy.a(stm32h7xx_ll_usb.o)
                0x000000000800af24                USB_HC_Halt
 .text.USB_StopHost
                0x000000000800afe4      0x2ec /Users/aprillee/Code/DaisyExamples/libDaisy//build/libdaisy.a(stm32h7xx_ll_usb.o)
                0x000000000800afe4                USB_StopHost
 .text.USBD_SetClassConfig
                0x000000000800b2d0       0x14 /Users/aprillee/Code/DaisyExamples/libDaisy//build/libdaisy.a(usbd_core.o)
                0x000000000800b2d0                USBD_SetClassConfig
 .text.USBD_ClrClassConfig
                0x000000000800b2e4       0x10 /Users/aprillee/Code/DaisyExamples/libDaisy//build/libdaisy.a(usbd_core.o)
                0x000000000800b2e4                USBD_ClrClassConfig
 .text.USBD_LL_SetupStage
                0x000000000800b2f4       0x5c /Users/aprillee/Code/DaisyExamples/libDaisy//build/libdaisy.a(usbd_core.o)
                0x000000000800b2f4                USBD_LL_SetupStage
 .text.USBD_LL_DataOutStage
                0x000000000800b350       0x7c /Users/aprillee/Code/DaisyExamples/libDaisy//build/libdaisy.a(usbd_core.o)
                0x000000000800b350                USBD_LL_DataOutStage
 .text.USBD_LL_DataInStage
                0x000000000800b3cc       0xcc /Users/aprillee/Code/DaisyExamples/libDaisy//build/libdaisy.a(usbd_core.o)
                0x000000000800b3cc                USBD_LL_DataInStage
 .text.USBD_LL_Reset
                0x000000000800b498       0x50 /Users/aprillee/Code/DaisyExamples/libDaisy//build/libdaisy.a(usbd_core.o)
                0x000000000800b498                USBD_LL_Reset
 .text.USBD_LL_SetSpeed
                0x000000000800b4e8        0x8 /Users/aprillee/Code/DaisyExamples/libDaisy//build/libdaisy.a(usbd_core.o)
                0x000000000800b4e8                USBD_LL_SetSpeed
 .text.USBD_LL_Suspend
                0x000000000800b4f0       0x14 /Users/aprillee/Code/DaisyExamples/libDaisy//build/libdaisy.a(usbd_core.o)
                0x000000000800b4f0                USBD_LL_Suspend
 .text.USBD_LL_Resume
                0x000000000800b504       0x10 /Users/aprillee/Code/DaisyExamples/libDaisy//build/libdaisy.a(usbd_core.o)
                0x000000000800b504                USBD_LL_Resume
 .text.USBD_LL_SOF
                0x000000000800b514       0x1c /Users/aprillee/Code/DaisyExamples/libDaisy//build/libdaisy.a(usbd_core.o)
                0x000000000800b514                USBD_LL_SOF
 .text.USBD_LL_IsoINIncomplete
                0x000000000800b530        0x4 /Users/aprillee/Code/DaisyExamples/libDaisy//build/libdaisy.a(usbd_core.o)
                0x000000000800b530                USBD_LL_IsoINIncomplete
 .text.USBD_LL_IsoOUTIncomplete
                0x000000000800b534        0x4 /Users/aprillee/Code/DaisyExamples/libDaisy//build/libdaisy.a(usbd_core.o)
                0x000000000800b534                USBD_LL_IsoOUTIncomplete
 .text.USBD_LL_DevConnected
                0x000000000800b538        0x4 /Users/aprillee/Code/DaisyExamples/libDaisy//build/libdaisy.a(usbd_core.o)
                0x000000000800b538                USBD_LL_DevConnected
 .text.USBD_LL_DevDisconnected
                0x000000000800b53c       0x18 /Users/aprillee/Code/DaisyExamples/libDaisy//build/libdaisy.a(usbd_core.o)
                0x000000000800b53c                USBD_LL_DevDisconnected
 .text.USBD_StdDevReq
                0x000000000800b554      0x304 /Users/aprillee/Code/DaisyExamples/libDaisy//build/libdaisy.a(usbd_ctlreq.o)
                0x000000000800b554                USBD_StdDevReq
 .text.USBD_StdItfReq
                0x000000000800b858       0x68 /Users/aprillee/Code/DaisyExamples/libDaisy//build/libdaisy.a(usbd_ctlreq.o)
                0x000000000800b858                USBD_StdItfReq
 .text.USBD_StdEPReq
                0x000000000800b8c0      0x13c /Users/aprillee/Code/DaisyExamples/libDaisy//build/libdaisy.a(usbd_ctlreq.o)
                0x000000000800b8c0                USBD_StdEPReq
 .text.USBD_ParseSetupRequest
                0x000000000800b9fc       0x28 /Users/aprillee/Code/DaisyExamples/libDaisy//build/libdaisy.a(usbd_ctlreq.o)
                0x000000000800b9fc                USBD_ParseSetupRequest
 .text.USBD_CtlSendData
                0x000000000800ba24       0x1c /Users/aprillee/Code/DaisyExamples/libDaisy//build/libdaisy.a(usbd_ioreq.o)
                0x000000000800ba24                USBD_CtlSendData
 .text.USBD_CtlContinueSendData
                0x000000000800ba40       0x14 /Users/aprillee/Code/DaisyExamples/libDaisy//build/libdaisy.a(usbd_ioreq.o)
                0x000000000800ba40                USBD_CtlContinueSendData
 .text.USBD_CtlContinueRx
                0x000000000800ba54       0x14 /Users/aprillee/Code/DaisyExamples/libDaisy//build/libdaisy.a(usbd_ioreq.o)
                0x000000000800ba54                USBD_CtlContinueRx
 .text.USBD_CtlSendStatus
                0x000000000800ba68       0x18 /Users/aprillee/Code/DaisyExamples/libDaisy//build/libdaisy.a(usbd_ioreq.o)
                0x000000000800ba68                USBD_CtlSendStatus
 .text.USBD_CtlReceiveStatus
                0x000000000800ba80       0x18 /Users/aprillee/Code/DaisyExamples/libDaisy//build/libdaisy.a(usbd_ioreq.o)
                0x000000000800ba80                USBD_CtlReceiveStatus
 .text.USBH_LL_IncTimer
                0x000000000800ba98       0x20 /Users/aprillee/Code/DaisyExamples/libDaisy//build/libdaisy.a(usbh_core.o)
                0x000000000800ba98                USBH_LL_IncTimer
 .text.USBH_LL_PortEnabled
                0x000000000800bab8        0x8 /Users/aprillee/Code/DaisyExamples/libDaisy//build/libdaisy.a(usbh_core.o)
                0x000000000800bab8                USBH_LL_PortEnabled
 .text.USBH_LL_PortDisabled
                0x000000000800bac0        0x8 /Users/aprillee/Code/DaisyExamples/libDaisy//build/libdaisy.a(usbh_core.o)
                0x000000000800bac0                USBH_LL_PortDisabled
 .text.USBH_LL_Connect
                0x000000000800bac8       0x18 /Users/aprillee/Code/DaisyExamples/libDaisy//build/libdaisy.a(usbh_core.o)
                0x000000000800bac8                USBH_LL_Connect
 .text.USBH_LL_Disconnect
                0x000000000800bae0       0x2c /Users/aprillee/Code/DaisyExamples/libDaisy//build/libdaisy.a(usbh_core.o)
                0x000000000800bae0                USBH_LL_Disconnect
 .text.USBH_FreePipe
                0x000000000800bb0c       0x18 /Users/aprillee/Code/DaisyExamples/libDaisy//build/libdaisy.a(usbh_pipes.o)
                0x000000000800bb0c                USBH_FreePipe
 .text._ZN5daisy6Random4InitEv
                0x000000000800bb24       0x3c /Users/aprillee/Code/DaisyExamples/libDaisy//build/libdaisy.a(rng.o)
                0x000000000800bb24                daisy::Random::Init()
 .text._ZN5daisy9SpiHandle4Impl7InitDmaEv
                0x000000000800bb60       0xec /Users/aprillee/Code/DaisyExamples/libDaisy//build/libdaisy.a(spi.o)
                0x000000000800bb60                daisy::SpiHandle::Impl::InitDma()
 .text._ZN5daisy9SpiHandle4Impl10StartDmaTxEPhjPFvPvEPFvS3_NS0_6ResultEES3_
                0x000000000800bc4c       0xc8 /Users/aprillee/Code/DaisyExamples/libDaisy//build/libdaisy.a(spi.o)
                0x000000000800bc4c                daisy::SpiHandle::Impl::StartDmaTx(unsigned char*, unsigned int, void (*)(void*), void (*)(void*, daisy::SpiHandle::Result), void*)
 .text._ZN5daisy9SpiHandle4Impl10StartDmaRxEPhjPFvPvEPFvS3_NS0_6ResultEES3_
                0x000000000800bd14       0xc8 /Users/aprillee/Code/DaisyExamples/libDaisy//build/libdaisy.a(spi.o)
                0x000000000800bd14                daisy::SpiHandle::Impl::StartDmaRx(unsigned char*, unsigned int, void (*)(void*), void (*)(void*, daisy::SpiHandle::Result), void*)
 .text._ZN5daisy9SpiHandle4Impl12StartDmaRxTxEPhS2_jPFvPvEPFvS3_NS0_6ResultEES3_
                0x000000000800bddc       0xcc /Users/aprillee/Code/DaisyExamples/libDaisy//build/libdaisy.a(spi.o)
                0x000000000800bddc                daisy::SpiHandle::Impl::StartDmaRxTx(unsigned char*, unsigned char*, unsigned int, void (*)(void*), void (*)(void*, daisy::SpiHandle::Result), void*)
 .text._ZN5daisy9SpiHandle4Impl8InitPinsEv
                0x000000000800bea8      0x274 /Users/aprillee/Code/DaisyExamples/libDaisy//build/libdaisy.a(spi.o)
                0x000000000800bea8                daisy::SpiHandle::Impl::InitPins()
 .text.HAL_SPI_MspInit
                0x000000000800c11c      0x1a8 /Users/aprillee/Code/DaisyExamples/libDaisy//build/libdaisy.a(spi.o)
                0x000000000800c11c                HAL_SPI_MspInit
 .text.dsy_spi_global_init
                0x000000000800c2c4       0x80 /Users/aprillee/Code/DaisyExamples/libDaisy//build/libdaisy.a(spi.o)
                0x000000000800c2c4                dsy_spi_global_init
 .text.SPI1_IRQHandler
                0x000000000800c344        0xc /Users/aprillee/Code/DaisyExamples/libDaisy//build/libdaisy.a(spi.o)
                0x000000000800c344                SPI1_IRQHandler
 .text.SPI2_IRQHandler
                0x000000000800c350        0xc /Users/aprillee/Code/DaisyExamples/libDaisy//build/libdaisy.a(spi.o)
                0x000000000800c350                SPI2_IRQHandler
 .text.SPI3_IRQHandler
                0x000000000800c35c        0xc /Users/aprillee/Code/DaisyExamples/libDaisy//build/libdaisy.a(spi.o)
                0x000000000800c35c                SPI3_IRQHandler
 .text.SPI4_IRQHandler
                0x000000000800c368        0xc /Users/aprillee/Code/DaisyExamples/libDaisy//build/libdaisy.a(spi.o)
                0x000000000800c368                SPI4_IRQHandler
 .text.SPI5_IRQHandler
                0x000000000800c374        0xc /Users/aprillee/Code/DaisyExamples/libDaisy//build/libdaisy.a(spi.o)
                0x000000000800c374                SPI5_IRQHandler
 .text.DMA2_Stream2_IRQHandler
                0x000000000800c380       0x34 /Users/aprillee/Code/DaisyExamples/libDaisy//build/libdaisy.a(spi.o)
                0x000000000800c380                DMA2_Stream2_IRQHandler
 .text.DMA2_Stream3_IRQHandler
                0x000000000800c3b4       0x38 /Users/aprillee/Code/DaisyExamples/libDaisy//build/libdaisy.a(spi.o)
                0x000000000800c3b4                DMA2_Stream3_IRQHandler
 .text.HAL_SPI_TxCpltCallback
                0x000000000800c3ec       0xc4 /Users/aprillee/Code/DaisyExamples/libDaisy//build/libdaisy.a(spi.o)
                0x000000000800c3ec                HAL_SPI_TxCpltCallback
 .text.HAL_SPI_RxCpltCallback
                0x000000000800c4b0       0xc4 /Users/aprillee/Code/DaisyExamples/libDaisy//build/libdaisy.a(spi.o)
                0x000000000800c4b0                HAL_SPI_RxCpltCallback
 .text.HAL_SPI_TxRxCpltCallback
                0x000000000800c574       0xc4 /Users/aprillee/Code/DaisyExamples/libDaisy//build/libdaisy.a(spi.o)
                0x000000000800c574                HAL_SPI_TxRxCpltCallback
 .text.HAL_SPI_ErrorCallback
                0x000000000800c638       0xc8 /Users/aprillee/Code/DaisyExamples/libDaisy//build/libdaisy.a(spi.o)
                0x000000000800c638                HAL_SPI_ErrorCallback
 .text.startup._GLOBAL__sub_I__Z19MapInstanceToHandleP11SPI_TypeDef
                0x000000000800c700      0x1b0 /Users/aprillee/Code/DaisyExamples/libDaisy//build/libdaisy.a(spi.o)
 .text.HAL_TIM_Base_MspInit
                0x000000000800c8b0      0x1e0 /Users/aprillee/Code/DaisyExamples/libDaisy//build/libdaisy.a(tim.o)
                0x000000000800c8b0                HAL_TIM_Base_MspInit
 .text.HAL_TIM_PeriodElapsedCallback
                0x000000000800ca90       0x44 /Users/aprillee/Code/DaisyExamples/libDaisy//build/libdaisy.a(tim.o)
                0x000000000800ca90                HAL_TIM_PeriodElapsedCallback
 .text.TIM2_IRQHandler
                0x000000000800cad4        0xc /Users/aprillee/Code/DaisyExamples/libDaisy//build/libdaisy.a(tim.o)
                0x000000000800cad4                TIM2_IRQHandler
 .text.TIM3_IRQHandler
                0x000000000800cae0        0xc /Users/aprillee/Code/DaisyExamples/libDaisy//build/libdaisy.a(tim.o)
                0x000000000800cae0                TIM3_IRQHandler
 .text.TIM4_IRQHandler
                0x000000000800caec        0xc /Users/aprillee/Code/DaisyExamples/libDaisy//build/libdaisy.a(tim.o)
                0x000000000800caec                TIM4_IRQHandler
 .text.TIM5_IRQHandler
                0x000000000800caf8        0xc /Users/aprillee/Code/DaisyExamples/libDaisy//build/libdaisy.a(tim.o)
                0x000000000800caf8                TIM5_IRQHandler
 .text._ZN5daisy11TimerHandle4InitERKNS0_6ConfigE
                0x000000000800cb04       0xd0 /Users/aprillee/Code/DaisyExamples/libDaisy//build/libdaisy.a(tim.o)
                0x000000000800cb04                daisy::TimerHandle::Init(daisy::TimerHandle::Config const&)
 .text._ZN5daisy11TimerHandle5StartEv
                0x000000000800cbd4       0x24 /Users/aprillee/Code/DaisyExamples/libDaisy//build/libdaisy.a(tim.o)
                0x000000000800cbd4                daisy::TimerHandle::Start()
 .text.startup._GLOBAL__sub_I__ZN5daisy11TimerHandle4Impl4InitERKNS0_6ConfigE
                0x000000000800cbf8       0x38 /Users/aprillee/Code/DaisyExamples/libDaisy//build/libdaisy.a(tim.o)
 .text._ZN5daisy11UartHandler4Impl7InitDmaEbb
                0x000000000800cc30      0x164 /Users/aprillee/Code/DaisyExamples/libDaisy//build/libdaisy.a(uart.o)
                0x000000000800cc30                daisy::UartHandler::Impl::InitDma(bool, bool)
 .text._ZN5daisy11UartHandler4Impl10HandleFifoEv
                0x000000000800cd94       0xec /Users/aprillee/Code/DaisyExamples/libDaisy//build/libdaisy.a(uart.o)
                0x000000000800cd94                daisy::UartHandler::Impl::HandleFifo()
 .text._ZN5daisy11UartHandler4Impl10StartDmaTxEPhjPFvPvEPFvS3_NS0_6ResultEES3_
                0x000000000800ce80       0xcc /Users/aprillee/Code/DaisyExamples/libDaisy//build/libdaisy.a(uart.o)
                0x000000000800ce80                daisy::UartHandler::Impl::StartDmaTx(unsigned char*, unsigned int, void (*)(void*), void (*)(void*, daisy::UartHandler::Result), void*)
 .text._ZN5daisy11UartHandler4Impl10StartDmaRxEPhjPFvPvEPFvS3_NS0_6ResultEES3_
                0x000000000800cf4c       0xcc /Users/aprillee/Code/DaisyExamples/libDaisy//build/libdaisy.a(uart.o)
                0x000000000800cf4c                daisy::UartHandler::Impl::StartDmaRx(unsigned char*, unsigned int, void (*)(void*), void (*)(void*, daisy::UartHandler::Result), void*)
 .text._ZN5daisy11UartHandler4Impl19DmaTransferFinishedEP20__UART_HandleTypeDefNS0_6ResultE
                0x000000000800d018       0xc0 /Users/aprillee/Code/DaisyExamples/libDaisy//build/libdaisy.a(uart.o)
                0x000000000800d018                daisy::UartHandler::Impl::DmaTransferFinished(__UART_HandleTypeDef*, daisy::UartHandler::Result)
 .text._ZN5daisy11UartHandler4Impl8InitPinsEv
                0x000000000800d0d8      0x150 /Users/aprillee/Code/DaisyExamples/libDaisy//build/libdaisy.a(uart.o)
                0x000000000800d0d8                daisy::UartHandler::Impl::InitPins()
 .text.HAL_UART_MspInit
                0x000000000800d228      0x210 /Users/aprillee/Code/DaisyExamples/libDaisy//build/libdaisy.a(uart.o)
                0x000000000800d228                HAL_UART_MspInit
 .text.dsy_uart_global_init
                0x000000000800d438       0xfc /Users/aprillee/Code/DaisyExamples/libDaisy//build/libdaisy.a(uart.o)
                0x000000000800d438                dsy_uart_global_init
 .text.USART1_IRQHandler
                0x000000000800d534       0x30 /Users/aprillee/Code/DaisyExamples/libDaisy//build/libdaisy.a(uart.o)
                0x000000000800d534                USART1_IRQHandler
 .text.USART2_IRQHandler
                0x000000000800d564       0x34 /Users/aprillee/Code/DaisyExamples/libDaisy//build/libdaisy.a(uart.o)
                0x000000000800d564                USART2_IRQHandler
 .text.USART3_IRQHandler
                0x000000000800d598       0x34 /Users/aprillee/Code/DaisyExamples/libDaisy//build/libdaisy.a(uart.o)
                0x000000000800d598                USART3_IRQHandler
 .text.UART4_IRQHandler
                0x000000000800d5cc       0x34 /Users/aprillee/Code/DaisyExamples/libDaisy//build/libdaisy.a(uart.o)
                0x000000000800d5cc                UART4_IRQHandler
 .text.UART5_IRQHandler
                0x000000000800d600       0x34 /Users/aprillee/Code/DaisyExamples/libDaisy//build/libdaisy.a(uart.o)
                0x000000000800d600                UART5_IRQHandler
 .text.USART6_IRQHandler
                0x000000000800d634       0x34 /Users/aprillee/Code/DaisyExamples/libDaisy//build/libdaisy.a(uart.o)
                0x000000000800d634                USART6_IRQHandler
 .text.UART7_IRQHandler
                0x000000000800d668       0x30 /Users/aprillee/Code/DaisyExamples/libDaisy//build/libdaisy.a(uart.o)
                0x000000000800d668                UART7_IRQHandler
 .text.UART8_IRQHandler
                0x000000000800d698       0x34 /Users/aprillee/Code/DaisyExamples/libDaisy//build/libdaisy.a(uart.o)
                0x000000000800d698                UART8_IRQHandler
 .text.LPUART1_IRQHandler
                0x000000000800d6cc       0x34 /Users/aprillee/Code/DaisyExamples/libDaisy//build/libdaisy.a(uart.o)
                0x000000000800d6cc                LPUART1_IRQHandler
 .text.DMA1_Stream5_IRQHandler
                0x000000000800d700       0x34 /Users/aprillee/Code/DaisyExamples/libDaisy//build/libdaisy.a(uart.o)
                0x000000000800d700                DMA1_Stream5_IRQHandler
 .text.DMA2_Stream4_IRQHandler
                0x000000000800d734       0x34 /Users/aprillee/Code/DaisyExamples/libDaisy//build/libdaisy.a(uart.o)
                0x000000000800d734                DMA2_Stream4_IRQHandler
 .text.HAL_UART_TxCpltCallback
                0x000000000800d768        0x8 /Users/aprillee/Code/DaisyExamples/libDaisy//build/libdaisy.a(uart.o)
                0x000000000800d768                HAL_UART_TxCpltCallback
 .text.HAL_UART_RxCpltCallback
                0x000000000800d770        0x8 /Users/aprillee/Code/DaisyExamples/libDaisy//build/libdaisy.a(uart.o)
                0x000000000800d770                HAL_UART_RxCpltCallback
 .text.HAL_UART_ErrorCallback
                0x000000000800d778        0x8 /Users/aprillee/Code/DaisyExamples/libDaisy//build/libdaisy.a(uart.o)
                0x000000000800d778                HAL_UART_ErrorCallback
 .text.startup._GLOBAL__sub_I__Z19MapInstanceToHandleP13USART_TypeDef
                0x000000000800d780      0x190 /Users/aprillee/Code/DaisyExamples/libDaisy//build/libdaisy.a(uart.o)
 .text.dsy_dma_init
                0x000000000800d910      0x100 /Users/aprillee/Code/DaisyExamples/libDaisy//build/libdaisy.a(dma.o)
                0x000000000800d910                dsy_dma_init
 .text.HAL_MDMA_Abort_IT
                0x000000000800da10       0x2c /Users/aprillee/Code/DaisyExamples/libDaisy//build/libdaisy.a(stm32h7xx_hal_mdma.o)
                0x000000000800da10                HAL_MDMA_Abort_IT
 .text.SPI_CloseTransfer
                0x000000000800da3c       0xb8 /Users/aprillee/Code/DaisyExamples/libDaisy//build/libdaisy.a(stm32h7xx_hal_spi.o)
 .text.HAL_SPI_Init
                0x000000000800daf4      0x15c /Users/aprillee/Code/DaisyExamples/libDaisy//build/libdaisy.a(stm32h7xx_hal_spi.o)
                0x000000000800daf4                HAL_SPI_Init
 .text.HAL_SPI_Transmit_DMA
                0x000000000800dc50      0x170 /Users/aprillee/Code/DaisyExamples/libDaisy//build/libdaisy.a(stm32h7xx_hal_spi.o)
                0x000000000800dc50                HAL_SPI_Transmit_DMA
 .text.HAL_SPI_TransmitReceive_DMA
                0x000000000800ddc0      0x218 /Users/aprillee/Code/DaisyExamples/libDaisy//build/libdaisy.a(stm32h7xx_hal_spi.o)
                0x000000000800ddc0                HAL_SPI_TransmitReceive_DMA
 .text.HAL_SPI_Receive_DMA
                0x000000000800dfd8      0x1b4 /Users/aprillee/Code/DaisyExamples/libDaisy//build/libdaisy.a(stm32h7xx_hal_spi.o)
                0x000000000800dfd8                HAL_SPI_Receive_DMA
 .text.SPI_DMATransmitCplt
                0x000000000800e18c       0x28 /Users/aprillee/Code/DaisyExamples/libDaisy//build/libdaisy.a(stm32h7xx_hal_spi.o)
 .text.SPI_DMAReceiveCplt
                0x000000000800e1b4       0x28 /Users/aprillee/Code/DaisyExamples/libDaisy//build/libdaisy.a(stm32h7xx_hal_spi.o)
 .text.SPI_DMATransmitReceiveCplt
                0x000000000800e1dc       0x28 /Users/aprillee/Code/DaisyExamples/libDaisy//build/libdaisy.a(stm32h7xx_hal_spi.o)
 .text.HAL_SPI_TxHalfCpltCallback
                0x000000000800e204        0x4 /Users/aprillee/Code/DaisyExamples/libDaisy//build/libdaisy.a(stm32h7xx_hal_spi.o)
                0x000000000800e204                HAL_SPI_TxHalfCpltCallback
 .text.SPI_DMAHalfTransmitCplt
                0x000000000800e208        0xc /Users/aprillee/Code/DaisyExamples/libDaisy//build/libdaisy.a(stm32h7xx_hal_spi.o)
 .text.HAL_SPI_RxHalfCpltCallback
                0x000000000800e214        0x4 /Users/aprillee/Code/DaisyExamples/libDaisy//build/libdaisy.a(stm32h7xx_hal_spi.o)
                0x000000000800e214                HAL_SPI_RxHalfCpltCallback
 .text.SPI_DMAHalfReceiveCplt
                0x000000000800e218        0xc /Users/aprillee/Code/DaisyExamples/libDaisy//build/libdaisy.a(stm32h7xx_hal_spi.o)
 .text.HAL_SPI_TxRxHalfCpltCallback
                0x000000000800e224        0x4 /Users/aprillee/Code/DaisyExamples/libDaisy//build/libdaisy.a(stm32h7xx_hal_spi.o)
                0x000000000800e224                HAL_SPI_TxRxHalfCpltCallback
 .text.SPI_DMAHalfTransmitReceiveCplt
                0x000000000800e228        0xc /Users/aprillee/Code/DaisyExamples/libDaisy//build/libdaisy.a(stm32h7xx_hal_spi.o)
 .text.SPI_DMAError
                0x000000000800e234       0xd8 /Users/aprillee/Code/DaisyExamples/libDaisy//build/libdaisy.a(stm32h7xx_hal_spi.o)
 .text.HAL_SPI_IRQHandler
                0x000000000800e30c      0x23c /Users/aprillee/Code/DaisyExamples/libDaisy//build/libdaisy.a(stm32h7xx_hal_spi.o)
                0x000000000800e30c                HAL_SPI_IRQHandler
 .text.SPI_DMAAbortOnError
                0x000000000800e548       0x1c /Users/aprillee/Code/DaisyExamples/libDaisy//build/libdaisy.a(stm32h7xx_hal_spi.o)
 .text.HAL_SPI_GetState
                0x000000000800e564        0x8 /Users/aprillee/Code/DaisyExamples/libDaisy//build/libdaisy.a(stm32h7xx_hal_spi.o)
                0x000000000800e564                HAL_SPI_GetState
 .text.HAL_UART_Transmit_DMA